Cleaning build files...
rm -rf build modular_video_player
Compiling main.cpp...
g++ -std=c++17 -O3 -march=native -Wall -Wextra -DLINUX -DNDEBUG -Isrc -Isrc/audio -Isrc/video -Isrc/media -Isrc/ui -I/usr/include/opencv4  -I/usr/include/SDL2 -D_REENTRANT  -I/usr/include/x86_64-linux-gnu  -c src/main.cpp -o build/objects/main.o
Compiling audio module...
g++ -std=c++17 -O3 -march=native -Wall -Wextra -DLINUX -DNDEBUG -Isrc -Isrc/audio -Isrc/video -Isrc/media -Isrc/ui -I/usr/include/opencv4  -I/usr/include/SDL2 -D_REENTRANT  -I/usr/include/x86_64-linux-gnu  -c src/audio/audio_module.cpp -o build/objects/audio/audio_module.o
Compiling video module...
g++ -std=c++17 -O3 -march=native -Wall -Wextra -DLINUX -DNDEBUG -Isrc -Isrc/audio -Isrc/video -Isrc/media -Isrc/ui -I/usr/include/opencv4  -I/usr/include/SDL2 -D_REENTRANT  -I/usr/include/x86_64-linux-gnu  -c src/video/video_module.cpp -o build/objects/video/video_module.o
Compiling media controller...
g++ -std=c++17 -O3 -march=native -Wall -Wextra -DLINUX -DNDEBUG -Isrc -Isrc/audio -Isrc/video -Isrc/media -Isrc/ui -I/usr/include/opencv4  -I/usr/include/SDL2 -D_REENTRANT  -I/usr/include/x86_64-linux-gnu  -c src/media/media_controller.cpp -o build/objects/media/media_controller.o
Compiling UI module...
g++ -std=c++17 -O3 -march=native -Wall -Wextra -DLINUX -DNDEBUG -Isrc -Isrc/audio -Isrc/video -Isrc/media -Isrc/ui -I/usr/include/opencv4  -I/usr/include/SDL2 -D_REENTRANT  -I/usr/include/x86_64-linux-gnu  -c src/ui/ui_module.cpp -o build/objects/ui/ui_module.o
In file included from src/ui/ui_module.cpp:1:
src/ui/ui_module.h: In constructor ‘UIModule::UIModule()’:
src/ui/ui_module.h:56:8: warning: ‘UIModule::shouldExit’ will be initialized after [-Wreorder]
   56 |   bool shouldExit;
      |        ^~~~~~~~~~
src/ui/ui_module.h:51:7: warning:   ‘int UIModule::videoDisplayWidth’ [-Wreorder]
   51 |   int videoDisplayWidth;
      |       ^~~~~~~~~~~~~~~~~
src/ui/ui_module.cpp:17:1: warning:   when initialized here [-Wreorder]
   17 | UIModule::UIModule()
      | ^~~~~~~~
src/ui/ui_module.cpp: In static member function ‘static void UIModule::onMouseClick(int, int, int, int, void*)’:
src/ui/ui_module.cpp:260:58: warning: unused parameter ‘flags’ [-Wunused-parameter]
  260 | void UIModule::onMouseClick(int event, int x, int y, int flags,
      |                                                      ~~~~^~~~~
Linking modular_video_player...
g++ build/objects/main.o build/objects/audio/audio_module.o build/objects/video/video_module.o build/objects/media/media_controller.o build/objects/ui/ui_module.o -o modular_video_player -lopencv_stitching -lopencv_alphamat -lopencv_aruco -lopencv_barcode -lopencv_bgsegm -lopencv_bioinspired -lopencv_ccalib -lopencv_cvv -lopencv_dnn_objdetect -lopencv_dnn_superres -lopencv_dpm -lopencv_face -lopencv_freetype -lopencv_fuzzy -lopencv_hdf -lopencv_hfs -lopencv_img_hash -lopencv_intensity_transform -lopencv_line_descriptor -lopencv_mcc -lopencv_quality -lopencv_rapid -lopencv_reg -lopencv_rgbd -lopencv_saliency -lopencv_shape -lopencv_stereo -lopencv_structured_light -lopencv_phase_unwrapping -lopencv_superres -lopencv_optflow -lopencv_surface_matching -lopencv_tracking -lopencv_highgui -lopencv_datasets -lopencv_text -lopencv_plot -lopencv_ml -lopencv_videostab -lopencv_videoio -lopencv_viz -lopencv_wechat_qrcode -lopencv_ximgproc -lopencv_video -lopencv_xobjdetect -lopencv_objdetect -lopencv_calib3d -lopencv_imgcodecs -lopencv_features2d -lopencv_dnn -lopencv_flann -lopencv_xphoto -lopencv_photo -lopencv_imgproc -lopencv_core  -lSDL2  -lavformat -lavcodec -lswresample -lavutil  -pthread
Build complete!
