=== MEDIA TRACK EXTRACTOR LOG ===
Run: 16
Started: Fri Sep 19 13:33:14 EDT 2025
Input: ./../temp/quicky.mp4

[2025-09-19 13:33:14] === INITIALIZATION ===
[2025-09-19 13:33:14] FILE INFO: Input file - Size: 175508143 bytes (300.113333s duration)
[2025-09-19 13:33:14] TIMING: Initialization completed in .116354771s
[2025-09-19 13:33:14] === AUDIO TRACK PROCESSING START ===
[2025-09-19 13:33:14] Found 1 audio stream(s)
[2025-09-19 13:33:14] === Processing Audio Stream 0 ===
[2025-09-19 13:33:14] Starting silence detection for stream 0
[2025-09-19 13:33:16] TIMING: Silence detection (stream 0) completed in 1.389991416s
[2025-09-19 13:33:16] Silence analysis: 4 segments, 26% of 300s total
[2025-09-19 13:33:16] Extracting audio stream 0
[2025-09-19 13:33:17] TIMING: Audio extraction (stream 0) completed in 1.319274696s
[2025-09-19 13:33:17] FILE INFO: Extracted audio stream 0 - Size: 57602162 bytes (300.010667s duration)
[2025-09-19 13:33:17] STORAGE: After audio extraction (stream 0) - Current: 233110305 bytes, Peak: 233110305 bytes
[2025-09-19 13:33:17] Starting Demucs processing for stream 0
[2025-09-19 13:33:53] TIMING: Demucs processing (stream 0) completed in 35.529088478s
[2025-09-19 13:33:53] STORAGE: After Demucs (stream 0) - Current: 290710461 bytes, Peak: 290710461 bytes
[2025-09-19 13:33:53] FILE INFO: Demucs output: quicky_audio0_vocals.wav - Size: 28800078 bytes (300.000000s duration)
[2025-09-19 13:33:53] FILE INFO: Demucs output: quicky_audio0_nonvocals.wav - Size: 28800078 bytes (300.000000s duration)
[2025-09-19 13:33:53] Processing quicky_audio0_vocals - creating variants and features
[2025-09-19 13:33:55] TIMING: Audio variants creation (quicky_audio0_vocals) completed in 1.911160082s
[2025-09-19 13:33:55] Starting vocal processing for quicky_audio0_vocals
[2025-09-19 13:33:55] TIMING: Feature extraction (rms) completed in .243022313s
[2025-09-19 13:33:55] TIMING: Feature extraction (zcr) completed in .234064550s
[2025-09-19 13:34:05] TIMING: Feature extraction (pitch) completed in 9.830954702s
[2025-09-19 13:34:06] TIMING: Feature extraction (spectral) completed in 1.187123302s
[2025-09-19 13:34:07] TIMING: Feature extraction (formant) completed in .709771771s
[2025-09-19 13:34:07] TIMING: Feature extraction (jitter) completed in .008765233s
[2025-09-19 13:34:08] TIMING: CSV post-processing (quicky_audio0_vocals) completed in .580524776s
[2025-09-19 13:34:08] Starting emotion processing for quicky_audio0_vocals
[2025-09-19 13:35:11] TIMING: Emotion processing (quicky_audio0_vocals) completed in 63.743847766s
[2025-09-19 13:35:11] Starting transcript processing for quicky_audio0_vocals
[2025-09-19 13:35:39] TIMING: Transcript processing (quicky_audio0_vocals) completed in 27.485602889s
[2025-09-19 13:35:39] TIMING: Complete vocal processing (quicky_audio0_vocals) completed in 104.129622677s
[2025-09-19 13:35:39] TIMING: Complete processing (quicky_audio0_vocals) completed in 106.072011620s
[2025-09-19 13:35:39] STORAGE: After processing quicky_audio0_vocals - Current: 373853109 bytes, Peak: 373853109 bytes
[2025-09-19 13:35:39] Processing quicky_audio0_nonvocals - creating variants and features
[2025-09-19 13:35:41] TIMING: Audio variants creation (quicky_audio0_nonvocals) completed in 2.116798515s
[2025-09-19 13:35:41] Starting nonvocal processing for quicky_audio0_nonvocals
[2025-09-19 13:35:42] TIMING: Feature extraction (rms) completed in .281188104s
[2025-09-19 13:35:42] TIMING: Feature extraction (zcr) completed in .280475611s
[2025-09-19 13:35:43] TIMING: Feature extraction (spectral) completed in 1.461074500s
[2025-09-19 13:35:44] TIMING: Complete nonvocal processing (quicky_audio0_nonvocals) completed in 2.600088945s
[2025-09-19 13:35:44] TIMING: Complete processing (quicky_audio0_nonvocals) completed in 4.756300956s
[2025-09-19 13:35:44] STORAGE: After processing quicky_audio0_nonvocals - Current: 350873149 bytes, Peak: 373853109 bytes
[2025-09-19 13:35:44] TIMING: Complete audio stream 0 processing completed in 149.699910726s
[2025-09-19 13:35:44] TIMING: All audio processing completed in 149.817886922s
[2025-09-19 13:35:44] === CSV MERGING START ===
[2025-09-19 13:35:44] Merging CSVs for quicky_audio0_vocals
[2025-09-19 13:35:45] TIMING: CSV merge (quicky_audio0_vocals) completed in .860965880s
[2025-09-19 13:35:45] FILE INFO: Merged CSV: quicky_audio0_vocals - Size: 12379475 bytes
[2025-09-19 13:35:45] Merging CSVs for quicky_audio0_nonvocals
[2025-09-19 13:35:45] TIMING: CSV merge (quicky_audio0_nonvocals) completed in .382447074s
[2025-09-19 13:35:45] FILE INFO: Merged CSV: quicky_audio0_nonvocals - Size: 5535571 bytes
[2025-09-19 13:35:45] TIMING: All CSV merging completed in 1.297235903s
[2025-09-19 13:35:45] STORAGE: After CSV merging - Current: 193423189 bytes, Peak: 373853109 bytes
[2025-09-19 13:35:45] === VIDEO PROCESSING START ===
[2025-09-19 13:35:45] Found 1 video stream(s)
[2025-09-19 13:35:45] Processing Video Stream 0
[2025-09-19 13:35:51] TIMING: Video encoding (stream 0) completed in 5.057479127s
[2025-09-19 13:35:51] FILE INFO: Encoded video stream 0 - Size: 18316757 bytes (300.133333s duration)
[2025-09-19 13:35:51] Starting DeepGaze processing for video stream 0
[2025-09-19 13:36:49] Processing salience CSV for stream 0
[2025-09-19 13:36:49] TIMING: Salience processing (stream 0) completed in .052036466s
[2025-09-19 13:36:49] FILE INFO: Salience engagement: stream 0 - Size: 831237 bytes
[2025-09-19 13:36:49] TIMING: DeepGaze processing (stream 0) completed in 58.810754548s
[2025-09-19 13:36:49] TIMING: Complete video stream 0 processing completed in 63.989923201s
[2025-09-19 13:36:50] STORAGE: After video processing (stream 0) - Current: 212571183 bytes, Peak: 373853109 bytes
[2025-09-19 13:36:50] TIMING: All video processing completed in 64.162276669s
[2025-09-19 13:36:50] === FINALIZATION START ===
[2025-09-19 13:36:50] Available files for finalization: Vocals=1, Nonvocals=1, Video=1
[2025-09-19 13:36:50] Selected files: vocals=./../temp/quicky_audio0_vocals_merged.csv, nonvocals=./../temp/quicky_audio0_nonvocals_merged.csv, video=./../temp/quicky_video0_salience_engagement.csv
[2025-09-19 13:36:50] Attempting full finalization strategy
[2025-09-19 13:36:56] TIMING: Full finalization completed in 6.125894175s
[2025-09-19 13:36:56] FILE INFO: Finalized output (full) - Size: 6441492 bytes
[2025-09-19 13:36:56] TIMING: Finalization process completed in 6.187475310s
[2025-09-19 13:36:56] Starting GUI overlay generation
[2025-09-19 13:36:56] Input: ./../temp/quicky.mp4, Data: ./../temp/quicky_finalized.csv, Output: ./../temp/quicky_data_overlay.mp4
[2025-09-19 13:37:55] TIMING: GUI overlay generation completed in 59.620767292s
[2025-09-19 13:37:55] FILE INFO: Final overlay video - Size: 154538092 bytes (300.033333s duration)
[2025-09-19 13:37:56] === FINAL SUMMARY ===
[2025-09-19 13:37:56] Total runtime: 281.485423040s
[2025-09-19 13:37:56] Peak storage usage: 373853109 bytes
[2025-09-19 13:37:56] STORAGE: Final - Current: 355234010 bytes, Peak: 373853109 bytes

=== EXECUTION SUMMARY ===
Script completed at: Fri Sep 19 13:37:56 EDT 2025
Total execution time: 281.485423040s
Peak storage usage: 373853109 bytes
Input file: ./../temp/quicky.mp4
Audio streams processed: 1
Video streams processed: 1
Finalization successful: true
Output directory: ./../temp
Final CSV: ./../temp/quicky_finalized.csv
Final video: ./../temp/quicky_data_overlay.mp4
