=== MEDIA TRACK EXTRACTOR LOG ===
Run: 15
Started: Fri Sep 19 13:18:09 EDT 2025
Input: ./../temp/quicky.mp4

[2025-09-19 13:18:09] === INITIALIZATION ===
[2025-09-19 13:18:09] FILE INFO: Input file - Size: 175508143 bytes (300.113333s duration)
[2025-09-19 13:18:09] TIMING: Initialization completed in .110478318s
[2025-09-19 13:18:09] === AUDIO TRACK PROCESSING START ===
[2025-09-19 13:18:09] Found 1 audio stream(s)
[2025-09-19 13:18:09] === Processing Audio Stream 0 ===
[2025-09-19 13:18:09] Starting silence detection for stream 0
[2025-09-19 13:18:10] TIMING: Silence detection (stream 0) completed in 1.320397423s
[2025-09-19 13:18:10] Silence analysis: 4 segments, 26% of 300s total
[2025-09-19 13:18:10] Extracting audio stream 0
[2025-09-19 13:18:12] TIMING: Audio extraction (stream 0) completed in 1.300395200s
[2025-09-19 13:18:12] FILE INFO: Extracted audio stream 0 - Size: 57602162 bytes (300.010667s duration)
[2025-09-19 13:18:12] STORAGE: After audio extraction (stream 0) - Current: 387324184 bytes, Peak: 387324184 bytes
[2025-09-19 13:18:12] Starting Demucs processing for stream 0
[2025-09-19 13:18:49] TIMING: Demucs processing (stream 0) completed in 36.645514921s
[2025-09-19 13:18:49] STORAGE: After Demucs (stream 0) - Current: 444924340 bytes, Peak: 444924340 bytes
[2025-09-19 13:18:49] FILE INFO: Demucs output: quicky_audio0_vocals.wav - Size: 28800078 bytes (300.000000s duration)
[2025-09-19 13:18:49] FILE INFO: Demucs output: quicky_audio0_nonvocals.wav - Size: 28800078 bytes (300.000000s duration)
[2025-09-19 13:18:49] Processing quicky_audio0_vocals - creating variants and features
[2025-09-19 13:18:51] TIMING: Audio variants creation (quicky_audio0_vocals) completed in 1.939157736s
[2025-09-19 13:18:51] Starting vocal processing for quicky_audio0_vocals
[2025-09-19 13:18:51] TIMING: Feature extraction (rms) completed in .239772206s
[2025-09-19 13:18:51] TIMING: Feature extraction (zcr) completed in .220608723s
[2025-09-19 13:19:02] TIMING: Feature extraction (pitch) completed in 10.619014978s
[2025-09-19 13:19:03] TIMING: Feature extraction (spectral) completed in 1.351280595s
[2025-09-19 13:19:04] TIMING: Feature extraction (formant) completed in .696159502s
[2025-09-19 13:19:04] TIMING: Feature extraction (jitter) completed in .008436568s
[2025-09-19 13:19:05] TIMING: CSV post-processing (quicky_audio0_vocals) completed in .601664176s
[2025-09-19 13:19:05] Starting emotion processing for quicky_audio0_vocals
[2025-09-19 13:20:05] TIMING: Emotion processing (quicky_audio0_vocals) completed in 60.021215254s
[2025-09-19 13:20:05] Starting transcript processing for quicky_audio0_vocals
[2025-09-19 13:20:32] TIMING: Transcript processing (quicky_audio0_vocals) completed in 27.328389419s
[2025-09-19 13:20:32] TIMING: Complete vocal processing (quicky_audio0_vocals) completed in 101.190879928s
[2025-09-19 13:20:32] TIMING: Complete processing (quicky_audio0_vocals) completed in 103.161635292s
[2025-09-19 13:20:32] STORAGE: After processing quicky_audio0_vocals - Current: 528084964 bytes, Peak: 528084964 bytes
[2025-09-19 13:20:32] Processing quicky_audio0_nonvocals - creating variants and features
[2025-09-19 13:20:34] TIMING: Audio variants creation (quicky_audio0_nonvocals) completed in 1.901012886s
[2025-09-19 13:20:34] Starting nonvocal processing for quicky_audio0_nonvocals
[2025-09-19 13:20:34] TIMING: Feature extraction (rms) completed in .225588131s
[2025-09-19 13:20:34] TIMING: Feature extraction (zcr) completed in .214286585s
[2025-09-19 13:20:36] TIMING: Feature extraction (spectral) completed in 1.298965499s
[2025-09-19 13:20:36] TIMING: Complete nonvocal processing (quicky_audio0_nonvocals) completed in 2.245124613s
[2025-09-19 13:20:36] TIMING: Complete processing (quicky_audio0_nonvocals) completed in 4.178415734s
[2025-09-19 13:20:36] STORAGE: After processing quicky_audio0_nonvocals - Current: 505116026 bytes, Peak: 528084964 bytes
[2025-09-19 13:20:36] TIMING: Complete audio stream 0 processing completed in 147.246221849s
[2025-09-19 13:20:36] TIMING: All audio processing completed in 147.355879722s
[2025-09-19 13:20:36] === CSV MERGING START ===
[2025-09-19 13:20:36] Merging CSVs for quicky_audio0_vocals
[2025-09-19 13:20:37] TIMING: CSV merge (quicky_audio0_vocals) completed in .706692453s
[2025-09-19 13:20:37] FILE INFO: Merged CSV: quicky_audio0_vocals - Size: 12416669 bytes
[2025-09-19 13:20:37] Merging CSVs for quicky_audio0_nonvocals
[2025-09-19 13:20:37] TIMING: CSV merge (quicky_audio0_nonvocals) completed in .344292519s
[2025-09-19 13:20:37] FILE INFO: Merged CSV: quicky_audio0_nonvocals - Size: 5535565 bytes
[2025-09-19 13:20:38] TIMING: All CSV merging completed in 1.098115058s
[2025-09-19 13:20:38] STORAGE: After CSV merging - Current: 347674256 bytes, Peak: 528084964 bytes
[2025-09-19 13:20:38] === VIDEO PROCESSING START ===
[2025-09-19 13:20:38] Found 1 video stream(s)
[2025-09-19 13:20:38] Processing Video Stream 0
[2025-09-19 13:20:43] TIMING: Video encoding (stream 0) completed in 4.976553116s
[2025-09-19 13:20:43] FILE INFO: Encoded video stream 0 - Size: 18316757 bytes (300.133333s duration)
[2025-09-19 13:20:43] Starting DeepGaze processing for video stream 0
[2025-09-19 13:21:42] Processing salience CSV for stream 0
[2025-09-19 13:21:42] TIMING: Salience processing (stream 0) completed in .046681512s
[2025-09-19 13:21:42] FILE INFO: Salience engagement: stream 0 - Size: 831237 bytes
[2025-09-19 13:21:43] TIMING: DeepGaze processing (stream 0) completed in 59.753812480s
[2025-09-19 13:21:43] TIMING: Complete video stream 0 processing completed in 64.854327864s
[2025-09-19 13:21:43] STORAGE: After video processing (stream 0) - Current: 366822250 bytes, Peak: 528084964 bytes
[2025-09-19 13:21:43] TIMING: All video processing completed in 65.018115136s
[2025-09-19 13:21:43] === FINALIZATION START ===
[2025-09-19 13:21:43] Available files for finalization: Vocals=1, Nonvocals=1, Video=1
[2025-09-19 13:21:43] Selected files: vocals=./../temp/quicky_audio0_vocals_merged.csv, nonvocals=./../temp/quicky_audio0_nonvocals_merged.csv, video=./../temp/quicky_video0_salience_engagement.csv
[2025-09-19 13:21:43] Attempting full finalization strategy
[2025-09-19 13:21:48] TIMING: Full finalization completed in 5.788505044s
[2025-09-19 13:21:48] FILE INFO: Finalized output (full) - Size: 6439826 bytes
[2025-09-19 13:21:48] TIMING: Finalization process completed in 5.846407636s
[2025-09-19 13:21:48] Starting GUI overlay generation
[2025-09-19 13:21:48] Input: ./../temp/quicky.mp4, Data: ./../temp/quicky_finalized.csv, Output: ./../temp/quicky_data_overlay.mp4
[2025-09-19 13:22:50] TIMING: GUI overlay generation completed in 61.525695494s
[2025-09-19 13:22:50] FILE INFO: Final overlay video - Size: 154468065 bytes (300.033333s duration)
[2025-09-19 13:22:50] === FINAL SUMMARY ===
[2025-09-19 13:22:50] Total runtime: 281.213633662s
[2025-09-19 13:22:50] Peak storage usage: 528084964 bytes
[2025-09-19 13:22:50] STORAGE: Final - Current: 355199505 bytes, Peak: 528084964 bytes

=== EXECUTION SUMMARY ===
Script completed at: Fri Sep 19 13:22:50 EDT 2025
Total execution time: 281.213633662s
Peak storage usage: 528084964 bytes
Input file: ./../temp/quicky.mp4
Audio streams processed: 1
Video streams processed: 1
Finalization successful: true
Output directory: ./../temp
Final CSV: ./../temp/quicky_finalized.csv
Final video: ./../temp/quicky_data_overlay.mp4
