=== MEDIA TRACK EXTRACTOR LOG ===
Run: 6
Started: Fri Sep 19 00:13:21 EDT 2025
Input: ./../temp/quicky.mp4

[2025-09-19 00:13:21] === INITIALIZATION ===
[2025-09-19 00:13:21] FILE INFO: Input file - Size: 175508143 bytes (300.113333s duration)
[2025-09-19 00:13:21] TIMING: Initialization completed in .111718708s
[2025-09-19 00:13:21] === AUDIO TRACK PROCESSING START ===
[2025-09-19 00:13:21] Found 1 audio stream(s)
[2025-09-19 00:13:21] === Processing Audio Stream 0 ===
[2025-09-19 00:13:21] Starting silence detection for stream 0
[2025-09-19 00:13:22] TIMING: Silence detection (stream 0) completed in 1.355556599s
[2025-09-19 00:13:22] Silence analysis: 4 segments, 26% of 300s total
[2025-09-19 00:13:22] Extracting audio stream 0
[2025-09-19 00:13:24] TIMING: Audio extraction (stream 0) completed in 1.304041176s
[2025-09-19 00:13:24] FILE INFO: Extracted audio stream 0 - Size: 57602162 bytes (300.010667s duration)
[2025-09-19 00:13:24] STORAGE: After audio extraction (stream 0) - Current: 233110305 bytes, Peak: 233110305 bytes
[2025-09-19 00:13:24] Starting Demucs processing for stream 0
[2025-09-19 00:14:02] TIMING: Demucs processing (stream 0) completed in 38.001721434s
[2025-09-19 00:14:02] STORAGE: After Demucs (stream 0) - Current: 391870533 bytes, Peak: 391870533 bytes
[2025-09-19 00:14:02] FILE INFO: Demucs output: quicky_audio0_vocals.wav - Size: 105840114 bytes (300.000000s duration)
[2025-09-19 00:14:02] FILE INFO: Demucs output: quicky_audio0_nonvocals.wav - Size: 52920114 bytes (300.000000s duration)
[2025-09-19 00:14:02] Processing quicky_audio0_vocals - creating variants and features
[2025-09-19 00:14:11] TIMING: Audio variants creation (quicky_audio0_vocals) completed in 8.351015352s
[2025-09-19 00:14:11] Starting vocal processing for quicky_audio0_vocals
[2025-09-19 00:14:11] TIMING: Feature extraction (rms) completed in .440784704s
[2025-09-19 00:14:11] TIMING: Feature extraction (zcr) completed in .400190426s
[2025-09-19 00:15:01] TIMING: Feature extraction (pitch) completed in 49.686652512s
[2025-09-19 00:15:04] TIMING: Feature extraction (spectral) completed in 2.425198668s
[2025-09-19 00:15:05] TIMING: Feature extraction (formant) completed in 1.310648115s
[2025-09-19 00:15:05] TIMING: Feature extraction (jitter) completed in .008776166s
[2025-09-19 00:15:06] TIMING: CSV post-processing (quicky_audio0_vocals) completed in 1.059446072s
[2025-09-19 00:15:06] Starting emotion processing for quicky_audio0_vocals
[2025-09-19 00:16:05] TIMING: Emotion processing (quicky_audio0_vocals) completed in 58.750000260s
[2025-09-19 00:16:05] Starting transcript processing for quicky_audio0_vocals
[2025-09-19 00:16:32] TIMING: Transcript processing (quicky_audio0_vocals) completed in 27.252330576s
[2025-09-19 00:16:32] TIMING: Complete vocal processing (quicky_audio0_vocals) completed in 141.436588708s
[2025-09-19 00:16:32] TIMING: Complete processing (quicky_audio0_vocals) completed in 149.818871940s
[2025-09-19 00:16:32] STORAGE: After processing quicky_audio0_vocals - Current: 557478525 bytes, Peak: 557478525 bytes
[2025-09-19 00:16:32] Processing quicky_audio0_nonvocals - creating variants and features
[2025-09-19 00:16:35] TIMING: Audio variants creation (quicky_audio0_nonvocals) completed in 2.987305261s
[2025-09-19 00:16:35] Starting nonvocal processing for quicky_audio0_nonvocals
[2025-09-19 00:16:35] TIMING: Feature extraction (rms) completed in .241840192s
[2025-09-19 00:16:36] TIMING: Feature extraction (zcr) completed in .213788860s
[2025-09-19 00:16:37] TIMING: Feature extraction (spectral) completed in 1.299168501s
[2025-09-19 00:16:37] TIMING: Complete nonvocal processing (quicky_audio0_nonvocals) completed in 2.256261411s
[2025-09-19 00:16:37] TIMING: Complete processing (quicky_audio0_nonvocals) completed in 5.274978364s
[2025-09-19 00:16:37] STORAGE: After processing quicky_audio0_nonvocals - Current: 381712034 bytes, Peak: 557478525 bytes
[2025-09-19 00:16:37] TIMING: Complete audio stream 0 processing completed in 196.382467398s
[2025-09-19 00:16:37] TIMING: All audio processing completed in 196.493334315s
[2025-09-19 00:16:38] === CSV MERGING START ===
[2025-09-19 00:16:38] Merging CSVs for quicky_audio0_vocals
[2025-09-19 00:16:39] TIMING: CSV merge (quicky_audio0_vocals) completed in 1.211495036s
[2025-09-19 00:16:39] FILE INFO: Merged CSV: quicky_audio0_vocals - Size: 21509756 bytes
[2025-09-19 00:16:39] Merging CSVs for quicky_audio0_nonvocals
[2025-09-19 00:16:39] TIMING: CSV merge (quicky_audio0_nonvocals) completed in .351383724s
[2025-09-19 00:16:39] FILE INFO: Merged CSV: quicky_audio0_nonvocals - Size: 5535577 bytes
[2025-09-19 00:16:39] TIMING: All CSV merging completed in 1.610508257s
[2025-09-19 00:16:39] STORAGE: After CSV merging - Current: 202553476 bytes, Peak: 557478525 bytes
[2025-09-19 00:16:39] === VIDEO PROCESSING START ===
[2025-09-19 00:16:39] Found 1 video stream(s)
[2025-09-19 00:16:39] Processing Video Stream 0
[2025-09-19 00:16:44] TIMING: Video encoding (stream 0) completed in 4.880519319s
[2025-09-19 00:16:44] FILE INFO: Encoded video stream 0 - Size: 18316757 bytes (300.133333s duration)
[2025-09-19 00:16:44] Starting DeepGaze processing for video stream 0
[2025-09-19 00:17:43] Processing salience CSV for stream 0
[2025-09-19 00:17:44] TIMING: Salience processing (stream 0) completed in .046864954s
[2025-09-19 00:17:44] FILE INFO: Salience engagement: stream 0 - Size: 831237 bytes
[2025-09-19 00:17:44] TIMING: DeepGaze processing (stream 0) completed in 59.264026838s
[2025-09-19 00:17:44] TIMING: Complete video stream 0 processing completed in 64.260239830s
[2025-09-19 00:17:44] STORAGE: After video processing (stream 0) - Current: 221701470 bytes, Peak: 557478525 bytes
[2025-09-19 00:17:44] TIMING: All video processing completed in 64.412480894s
[2025-09-19 00:17:44] === FINALIZATION START ===
[2025-09-19 00:17:44] Available files for finalization: Vocals=1, Nonvocals=1, Video=1
[2025-09-19 00:17:44] Selected files: vocals=./../temp/quicky_audio0_vocals_merged.csv, nonvocals=./../temp/quicky_audio0_nonvocals_merged.csv, video=./../temp/quicky_video0_salience_engagement.csv
[2025-09-19 00:17:44] Attempting full finalization strategy
[2025-09-19 00:17:51] TIMING: Full finalization completed in 7.787339600s
[2025-09-19 00:17:51] FILE INFO: Finalized output (full) - Size: 7906664 bytes
[2025-09-19 00:17:51] TIMING: Finalization process completed in 7.841764515s
[2025-09-19 00:17:51] Starting GUI overlay generation
[2025-09-19 00:17:51] Input: ./../temp/quicky.mp4, Data: ./../temp/quicky_finalized.csv, Output: ./../temp/quicky_data_overlay.mp4
[2025-09-19 00:18:52] TIMING: GUI overlay generation completed in 60.243782420s
[2025-09-19 00:18:52] FILE INFO: Final overlay video - Size: 156614061 bytes (300.033333s duration)
[2025-09-19 00:18:52] === FINAL SUMMARY ===
[2025-09-19 00:18:52] Total runtime: 330.959448612s
[2025-09-19 00:18:52] Peak storage usage: 557478525 bytes
[2025-09-19 00:18:52] STORAGE: Final - Current: 367905438 bytes, Peak: 557478525 bytes

=== EXECUTION SUMMARY ===
Script completed at: Fri Sep 19 00:18:52 EDT 2025
Total execution time: 330.959448612s
Peak storage usage: 557478525 bytes
Input file: ./../temp/quicky.mp4
Audio streams processed: 1
Video streams processed: 1
Finalization successful: true
Output directory: ./../temp
Final CSV: ./../temp/quicky_finalized.csv
Final video: ./../temp/quicky_data_overlay.mp4
