=== MEDIA TRACK EXTRACTOR LOG ===
Run: 10
Started: Thu Sep 18 12:41:03 EDT 2025
Input: ./../temp/quicky.mp4

[2025-09-18 12:41:03] === INITIALIZATION ===
[2025-09-18 12:41:03] FILE INFO: Input file - Size: 175508143 bytes (300.113333s duration)
[2025-09-18 12:41:03] TIMING: Initialization completed in .622751314s
[2025-09-18 12:41:03] === AUDIO TRACK PROCESSING START ===
[2025-09-18 12:41:03] Found 1 audio stream(s)
[2025-09-18 12:41:03] === Processing Audio Stream 0 ===
[2025-09-18 12:41:03] Starting silence detection for stream 0
[2025-09-18 12:41:05] TIMING: Silence detection (stream 0) completed in 1.470983395s
[2025-09-18 12:41:05] Silence analysis: 4 segments, 26% of 300s total
[2025-09-18 12:41:05] Extracting audio stream 0
[2025-09-18 12:41:06] TIMING: Audio extraction (stream 0) completed in 1.361801390s
[2025-09-18 12:41:06] FILE INFO: Extracted audio stream 0 - Size: 57602162 bytes (300.010667s duration)
[2025-09-18 12:41:06] STORAGE: After audio extraction (stream 0) - Current: 425746052 bytes, Peak: 425746052 bytes
[2025-09-18 12:41:06] Starting Demucs processing for stream 0
[2025-09-18 12:41:45] TIMING: Demucs processing (stream 0) completed in 38.968305565s
[2025-09-18 12:41:45] STORAGE: After Demucs (stream 0) - Current: 584506280 bytes, Peak: 584506280 bytes
[2025-09-18 12:41:46] FILE INFO: Demucs output: quicky_audio0_vocals.wav - Size: 105840114 bytes (300.000000s duration)
[2025-09-18 12:41:46] FILE INFO: Demucs output: quicky_audio0_nonvocals.wav - Size: 52920114 bytes (300.000000s duration)
[2025-09-18 12:41:46] Processing quicky_audio0_vocals - creating variants and features
[2025-09-18 12:41:51] TIMING: Audio variants creation (quicky_audio0_vocals) completed in 5.804072437s
[2025-09-18 12:41:51] Starting vocal processing for quicky_audio0_vocals
[2025-09-18 12:41:52] TIMING: Feature extraction (rms) completed in .511184625s
[2025-09-18 12:41:52] TIMING: Feature extraction (zcr) completed in .485628069s
[2025-09-18 12:42:50] TIMING: Feature extraction (pitch) completed in 57.704630219s
[2025-09-18 12:42:53] TIMING: Feature extraction (spectral) completed in 2.410570050s
[2025-09-18 12:42:54] TIMING: Feature extraction (formant) completed in 1.329967088s
[2025-09-18 12:42:54] TIMING: Feature extraction (jitter) completed in .008321587s
[2025-09-18 12:42:55] TIMING: CSV post-processing (quicky_audio0_vocals) completed in 1.056224049s
[2025-09-18 12:42:55] Starting emotion processing for quicky_audio0_vocals
[2025-09-18 12:43:57] TIMING: Emotion processing (quicky_audio0_vocals) completed in 61.901029256s
[2025-09-18 12:43:57] Starting transcript processing for quicky_audio0_vocals
[2025-09-18 12:44:21] TIMING: Transcript processing (quicky_audio0_vocals) completed in 24.233757314s
[2025-09-18 12:44:21] TIMING: Complete vocal processing (quicky_audio0_vocals) completed in 149.751342773s
[2025-09-18 12:44:21] TIMING: Complete processing (quicky_audio0_vocals) completed in 155.589490707s
[2025-09-18 12:44:21] STORAGE: After processing quicky_audio0_vocals - Current: 750135554 bytes, Peak: 750135554 bytes
[2025-09-18 12:44:21] Processing quicky_audio0_nonvocals - creating variants and features
[2025-09-18 12:44:27] TIMING: Audio variants creation (quicky_audio0_nonvocals) completed in 5.496761569s
[2025-09-18 12:44:27] Starting nonvocal processing for quicky_audio0_nonvocals
[2025-09-18 12:44:27] TIMING: Feature extraction (rms) completed in .240620955s
[2025-09-18 12:44:27] TIMING: Feature extraction (zcr) completed in .234449623s
[2025-09-18 12:44:29] TIMING: Feature extraction (spectral) completed in 1.362310523s
[2025-09-18 12:44:29] TIMING: Complete nonvocal processing (quicky_audio0_nonvocals) completed in 2.403463282s
[2025-09-18 12:44:29] TIMING: Complete processing (quicky_audio0_nonvocals) completed in 7.934415391s
[2025-09-18 12:44:29] STORAGE: After processing quicky_audio0_nonvocals - Current: 574384213 bytes, Peak: 750135554 bytes
[2025-09-18 12:44:29] TIMING: Complete audio stream 0 processing completed in 206.051027794s
[2025-09-18 12:44:29] TIMING: All audio processing completed in 206.183460374s
[2025-09-18 12:44:29] === CSV MERGING START ===
[2025-09-18 12:44:30] Merging CSVs for quicky_audio0_vocals
[2025-09-18 12:44:32] TIMING: CSV merge (quicky_audio0_vocals) completed in 2.496514791s
[2025-09-18 12:44:32] Merging CSVs for quicky_audio0_nonvocals
[2025-09-18 12:44:33] TIMING: CSV merge (quicky_audio0_nonvocals) completed in .697022668s
[2025-09-18 12:44:33] TIMING: All CSV merging completed in 3.221888020s
[2025-09-18 12:44:33] STORAGE: After CSV merging - Current: 341035537 bytes, Peak: 750135554 bytes
[2025-09-18 12:44:33] === VIDEO PROCESSING START ===
[2025-09-18 12:44:33] Found 1 video stream(s)
[2025-09-18 12:44:33] Processing Video Stream 0
[2025-09-18 12:44:38] TIMING: Video encoding (stream 0) completed in 4.867132623s
[2025-09-18 12:44:38] FILE INFO: Encoded video stream 0 - Size: 18316757 bytes (300.133333s duration)
[2025-09-18 12:44:38] Starting DeepGaze processing for video stream 0
[2025-09-18 12:45:39] Processing salience CSV for stream 0
[2025-09-18 12:45:39] TIMING: Salience processing (stream 0) completed in .050480626s
[2025-09-18 12:45:39] FILE INFO: Salience engagement: stream 0 - Size: 831237 bytes
[2025-09-18 12:45:39] TIMING: DeepGaze processing (stream 0) completed in 61.085478270s
[2025-09-18 12:45:39] TIMING: Complete video stream 0 processing completed in 66.074140776s
[2025-09-18 12:45:39] STORAGE: After video processing (stream 0) - Current: 359352294 bytes, Peak: 750135554 bytes
[2025-09-18 12:45:39] TIMING: All video processing completed in 66.237210926s
[2025-09-18 12:45:39] === FINALIZATION START ===
[2025-09-18 12:45:39] Available files for finalization: Vocals=0, Nonvocals=0, Video=1
[2025-09-18 12:45:39] Selected files: vocals=./../temp/quicky_video0_salience_engagement.csv, nonvocals=NONE, video=NONE
[2025-09-18 12:45:39] Attempting vocals-only finalization strategy
[2025-09-18 12:45:39] TIMING: Vocals-only finalization completed in .015944601s
[2025-09-18 12:45:39] FILE INFO: Finalized output (vocals-only) - Size: 7908877 bytes
[2025-09-18 12:45:39] TIMING: Finalization process completed in .076576493s
[2025-09-18 12:45:39] Starting GUI overlay generation
[2025-09-18 12:45:39] Input: ./../temp/quicky.mp4, Data: ./../temp/quicky_finalized.csv, Output: ./../temp/quicky_data_overlay.mp4
[2025-09-18 12:46:42] TIMING: GUI overlay generation completed in 62.712384179s
[2025-09-18 12:46:42] FILE INFO: Final overlay video - Size: 156787280 bytes (300.033333s duration)
[2025-09-18 12:46:42] === FINAL SUMMARY ===
[2025-09-18 12:46:42] Total runtime: 339.334076381s
[2025-09-18 12:46:42] Peak storage usage: 750135554 bytes
[2025-09-18 12:46:42] STORAGE: Final - Current: 341035537 bytes, Peak: 750135554 bytes

=== EXECUTION SUMMARY ===
Script completed at: Thu Sep 18 12:46:42 EDT 2025
Total execution time: 339.334076381s
Peak storage usage: 750135554 bytes
Input file: ./../temp/quicky.mp4
Audio streams processed: 1
Video streams processed: 1
Finalization successful: true
Output directory: ./../temp
Final CSV: ./../temp/quicky_finalized.csv
Final video: ./../temp/quicky_data_overlay.mp4
