=== MEDIA TRACK EXTRACTOR LOG ===
Run: 14
Started: Thu Sep 18 14:50:41 EDT 2025
Input: ./../temp/quicky.mp4

[2025-09-18 14:50:41] === INITIALIZATION ===
[2025-09-18 14:50:42] FILE INFO: Input file - Size: 175508143 bytes (300.113333s duration)
[2025-09-18 14:50:42] TIMING: Initialization completed in .419376471s
[2025-09-18 14:50:42] === AUDIO TRACK PROCESSING START ===
[2025-09-18 14:50:42] Found 1 audio stream(s)
[2025-09-18 14:50:42] === Processing Audio Stream 0 ===
[2025-09-18 14:50:42] Starting silence detection for stream 0
[2025-09-18 14:50:43] TIMING: Silence detection (stream 0) completed in 1.461470153s
[2025-09-18 14:50:43] Silence analysis: 4 segments, 26% of 300s total
[2025-09-18 14:50:43] Extracting audio stream 0
[2025-09-18 14:50:45] TIMING: Audio extraction (stream 0) completed in 1.378750403s
[2025-09-18 14:50:45] FILE INFO: Extracted audio stream 0 - Size: 57602162 bytes (300.010667s duration)
[2025-09-18 14:50:45] STORAGE: After audio extraction (stream 0) - Current: 233110305 bytes, Peak: 233110305 bytes
[2025-09-18 14:50:45] Starting Demucs processing for stream 0
[2025-09-18 14:51:39] TIMING: Demucs processing (stream 0) completed in 54.375671014s
[2025-09-18 14:51:39] STORAGE: After Demucs (stream 0) - Current: 391870533 bytes, Peak: 391870533 bytes
[2025-09-18 14:51:39] FILE INFO: Demucs output: quicky_audio0_vocals.wav - Size: 105840114 bytes (300.000000s duration)
[2025-09-18 14:51:39] FILE INFO: Demucs output: quicky_audio0_nonvocals.wav - Size: 52920114 bytes (300.000000s duration)
[2025-09-18 14:51:39] Processing quicky_audio0_vocals - creating variants and features
[2025-09-18 14:51:45] TIMING: Audio variants creation (quicky_audio0_vocals) completed in 6.148648338s
[2025-09-18 14:51:45] Starting vocal processing for quicky_audio0_vocals
[2025-09-18 14:51:46] TIMING: Feature extraction (rms) completed in .487558717s
[2025-09-18 14:51:46] TIMING: Feature extraction (zcr) completed in .426931835s
[2025-09-18 14:52:54] TIMING: Feature extraction (pitch) completed in 67.333821556s
[2025-09-18 14:52:57] TIMING: Feature extraction (spectral) completed in 2.745055971s
[2025-09-18 14:52:58] TIMING: Feature extraction (formant) completed in 1.610280962s
[2025-09-18 14:52:58] TIMING: Feature extraction (jitter) completed in .009388310s
[2025-09-18 14:52:59] TIMING: CSV post-processing (quicky_audio0_vocals) completed in 1.324506028s
[2025-09-18 14:53:00] Starting emotion processing for quicky_audio0_vocals
[2025-09-18 14:54:28] TIMING: Emotion processing (quicky_audio0_vocals) completed in 88.546022383s
[2025-09-18 14:54:28] Starting transcript processing for quicky_audio0_vocals
[2025-09-18 14:54:59] TIMING: Transcript processing (quicky_audio0_vocals) completed in 31.162584339s
[2025-09-18 14:54:59] TIMING: Complete vocal processing (quicky_audio0_vocals) completed in 193.763396983s
[2025-09-18 14:54:59] TIMING: Complete processing (quicky_audio0_vocals) completed in 199.947257691s
[2025-09-18 14:54:59] STORAGE: After processing quicky_audio0_vocals - Current: 557530956 bytes, Peak: 557530956 bytes
[2025-09-18 14:54:59] Processing quicky_audio0_nonvocals - creating variants and features
[2025-09-18 14:55:03] TIMING: Audio variants creation (quicky_audio0_nonvocals) completed in 3.473923393s
[2025-09-18 14:55:03] Starting nonvocal processing for quicky_audio0_nonvocals
[2025-09-18 14:55:03] TIMING: Feature extraction (rms) completed in .252465269s
[2025-09-18 14:55:03] TIMING: Feature extraction (zcr) completed in .236825555s
[2025-09-18 14:55:05] TIMING: Feature extraction (spectral) completed in 1.426458677s
[2025-09-18 14:55:05] TIMING: Complete nonvocal processing (quicky_audio0_nonvocals) completed in 2.504302848s
[2025-09-18 14:55:05] TIMING: Complete processing (quicky_audio0_nonvocals) completed in 6.014462872s
[2025-09-18 14:55:05] STORAGE: After processing quicky_audio0_nonvocals - Current: 381763322 bytes, Peak: 557530956 bytes
[2025-09-18 14:55:06] TIMING: Complete audio stream 0 processing completed in 263.862204176s
[2025-09-18 14:55:06] TIMING: All audio processing completed in 263.988051953s
[2025-09-18 14:55:06] === CSV MERGING START ===
[2025-09-18 14:55:06] Merging CSVs for quicky_audio0_vocals
[2025-09-18 14:55:07] TIMING: CSV merge (quicky_audio0_vocals) completed in 1.315197323s
[2025-09-18 14:55:07] FILE INFO: Merged CSV: quicky_audio0_vocals - Size: 21611023 bytes
[2025-09-18 14:55:07] Merging CSVs for quicky_audio0_nonvocals
[2025-09-18 14:55:07] TIMING: CSV merge (quicky_audio0_nonvocals) completed in .389640747s
[2025-09-18 14:55:07] FILE INFO: Merged CSV: quicky_audio0_nonvocals - Size: 5535566 bytes
[2025-09-18 14:55:07] TIMING: All CSV merging completed in 1.768005749s
[2025-09-18 14:55:07] STORAGE: After CSV merging - Current: 202654732 bytes, Peak: 557530956 bytes
[2025-09-18 14:55:07] === VIDEO PROCESSING START ===
[2025-09-18 14:55:08] Found 1 video stream(s)
[2025-09-18 14:55:08] Processing Video Stream 0
[2025-09-18 14:55:13] TIMING: Video encoding (stream 0) completed in 5.418918850s
[2025-09-18 14:55:13] FILE INFO: Encoded video stream 0 - Size: 18316757 bytes (300.133333s duration)
[2025-09-18 14:55:13] Starting DeepGaze processing for video stream 0
[2025-09-18 14:56:19] Processing salience CSV for stream 0
[2025-09-18 14:56:19] TIMING: Salience processing (stream 0) completed in .059385357s
[2025-09-18 14:56:19] FILE INFO: Salience engagement: stream 0 - Size: 831237 bytes
[2025-09-18 14:56:19] TIMING: DeepGaze processing (stream 0) completed in 65.601764679s
[2025-09-18 14:56:19] TIMING: Complete video stream 0 processing completed in 71.145993423s
[2025-09-18 14:56:19] STORAGE: After video processing (stream 0) - Current: 221802726 bytes, Peak: 557530956 bytes
[2025-09-18 14:56:19] TIMING: All video processing completed in 71.315515467s
[2025-09-18 14:56:19] === FINALIZATION START ===
[2025-09-18 14:56:19] Available files for finalization: Vocals=1, Nonvocals=1, Video=1
[2025-09-18 14:56:19] Selected files: vocals=./../temp/quicky_audio0_vocals_merged.csv, nonvocals=./../temp/quicky_audio0_nonvocals_merged.csv, video=./../temp/quicky_video0_salience_engagement.csv
[2025-09-18 14:56:19] Attempting full finalization strategy
[2025-09-18 14:56:27] TIMING: Full finalization completed in 8.007441340s
[2025-09-18 14:56:27] FILE INFO: Finalized output (full) - Size: 7909008 bytes
[2025-09-18 14:56:27] TIMING: Finalization process completed in 8.069704928s
[2025-09-18 14:56:27] Starting GUI overlay generation
[2025-09-18 14:56:27] Input: ./../temp/quicky.mp4, Data: ./../temp/quicky_finalized.csv, Output: ./../temp/quicky_data_overlay.mp4
[2025-09-18 14:57:36] TIMING: GUI overlay generation completed in 68.818827179s
[2025-09-18 14:57:36] FILE INFO: Final overlay video - Size: 156488532 bytes (300.033333s duration)
[2025-09-18 14:57:36] === FINAL SUMMARY ===
[2025-09-18 14:57:36] Total runtime: 414.676810594s
[2025-09-18 14:57:36] Peak storage usage: 557530956 bytes
[2025-09-18 14:57:36] STORAGE: Final - Current: 367883509 bytes, Peak: 557530956 bytes

=== EXECUTION SUMMARY ===
Script completed at: Thu Sep 18 14:57:36 EDT 2025
Total execution time: 414.676810594s
Peak storage usage: 557530956 bytes
Input file: ./../temp/quicky.mp4
Audio streams processed: 1
Video streams processed: 1
Finalization successful: true
Output directory: ./../temp
Final CSV: ./../temp/quicky_finalized.csv
Final video: ./../temp/quicky_data_overlay.mp4
