=== MEDIA TRACK EXTRACTOR LOG ===
Run: 21
Started: Thu Sep 18 17:45:29 EDT 2025
Input: ./../temp/quicky.mp4

[2025-09-18 17:45:29] === INITIALIZATION ===
[2025-09-18 17:45:29] FILE INFO: Input file - Size: 175508143 bytes (300.113333s duration)
[2025-09-18 17:45:29] TIMING: Initialization completed in .113502530s
[2025-09-18 17:45:29] === AUDIO TRACK PROCESSING START ===
[2025-09-18 17:45:29] Found 1 audio stream(s)
[2025-09-18 17:45:29] === Processing Audio Stream 0 ===
[2025-09-18 17:45:29] Starting silence detection for stream 0
[2025-09-18 17:45:31] TIMING: Silence detection (stream 0) completed in 1.566016993s
[2025-09-18 17:45:31] Silence analysis: 4 segments, 26% of 300s total
[2025-09-18 17:45:31] Extracting audio stream 0
[2025-09-18 17:45:32] TIMING: Audio extraction (stream 0) completed in 1.329013757s
[2025-09-18 17:45:32] FILE INFO: Extracted audio stream 0 - Size: 57602162 bytes (300.010667s duration)
[2025-09-18 17:45:32] STORAGE: After audio extraction (stream 0) - Current: 425997785 bytes, Peak: 425997785 bytes
[2025-09-18 17:45:32] Starting Demucs processing for stream 0
[2025-09-18 17:46:10] TIMING: Demucs processing (stream 0) completed in 37.562950290s
[2025-09-18 17:46:10] STORAGE: After Demucs (stream 0) - Current: 584758013 bytes, Peak: 584758013 bytes
[2025-09-18 17:46:10] FILE INFO: Demucs output: quicky_audio0_vocals.wav - Size: 105840114 bytes (300.000000s duration)
[2025-09-18 17:46:10] FILE INFO: Demucs output: quicky_audio0_nonvocals.wav - Size: 52920114 bytes (300.000000s duration)
[2025-09-18 17:46:10] Processing quicky_audio0_vocals - creating variants and features
[2025-09-18 17:46:19] TIMING: Audio variants creation (quicky_audio0_vocals) completed in 8.695589871s
[2025-09-18 17:46:19] Starting vocal processing for quicky_audio0_vocals
[2025-09-18 17:46:19] TIMING: Feature extraction (rms) completed in .463263742s
[2025-09-18 17:46:20] TIMING: Feature extraction (zcr) completed in .407509773s
[2025-09-18 17:47:08] TIMING: Feature extraction (pitch) completed in 47.769413241s
[2025-09-18 17:47:10] TIMING: Feature extraction (spectral) completed in 2.358209839s
[2025-09-18 17:47:11] TIMING: Feature extraction (formant) completed in 1.283222254s
[2025-09-18 17:47:11] TIMING: Feature extraction (jitter) completed in .008851078s
[2025-09-18 17:47:12] TIMING: CSV post-processing (quicky_audio0_vocals) completed in 1.025960386s
[2025-09-18 17:47:12] Starting emotion processing for quicky_audio0_vocals
[2025-09-18 17:48:12] TIMING: Emotion processing (quicky_audio0_vocals) completed in 59.836751516s
[2025-09-18 17:48:12] Starting transcript processing for quicky_audio0_vocals
[2025-09-18 17:48:40] TIMING: Transcript processing (quicky_audio0_vocals) completed in 27.402297596s
[2025-09-18 17:48:40] TIMING: Complete vocal processing (quicky_audio0_vocals) completed in 140.658839017s
[2025-09-18 17:48:40] TIMING: Complete processing (quicky_audio0_vocals) completed in 149.386614921s
[2025-09-18 17:48:40] STORAGE: After processing quicky_audio0_vocals - Current: 750391258 bytes, Peak: 750391258 bytes
[2025-09-18 17:48:40] Processing quicky_audio0_nonvocals - creating variants and features
[2025-09-18 17:48:43] TIMING: Audio variants creation (quicky_audio0_nonvocals) completed in 2.829734029s
[2025-09-18 17:48:43] Starting nonvocal processing for quicky_audio0_nonvocals
[2025-09-18 17:48:43] TIMING: Feature extraction (rms) completed in .223302698s
[2025-09-18 17:48:43] TIMING: Feature extraction (zcr) completed in .231507848s
[2025-09-18 17:48:44] TIMING: Feature extraction (spectral) completed in 1.345313395s
[2025-09-18 17:48:45] TIMING: Complete nonvocal processing (quicky_audio0_nonvocals) completed in 2.305929180s
[2025-09-18 17:48:45] TIMING: Complete processing (quicky_audio0_nonvocals) completed in 5.165232590s
[2025-09-18 17:48:45] STORAGE: After processing quicky_audio0_nonvocals - Current: 574623549 bytes, Peak: 750391258 bytes
[2025-09-18 17:48:45] TIMING: Complete audio stream 0 processing completed in 195.708596808s
[2025-09-18 17:48:45] TIMING: All audio processing completed in 195.821247909s
[2025-09-18 17:48:45] === CSV MERGING START ===
[2025-09-18 17:48:45] Merging CSVs for quicky_audio0_vocals
[2025-09-18 17:48:47] TIMING: CSV merge (quicky_audio0_vocals) completed in 2.309825457s
[2025-09-18 17:48:47] Merging CSVs for quicky_audio0_nonvocals
[2025-09-18 17:48:48] TIMING: CSV merge (quicky_audio0_nonvocals) completed in .624666482s
[2025-09-18 17:48:48] TIMING: All CSV merging completed in 2.960497925s
[2025-09-18 17:48:48] STORAGE: After CSV merging - Current: 341318433 bytes, Peak: 750391258 bytes
[2025-09-18 17:48:48] === VIDEO PROCESSING START ===
[2025-09-18 17:48:48] Found 1 video stream(s)
[2025-09-18 17:48:48] Processing Video Stream 0
[2025-09-18 17:48:53] TIMING: Video encoding (stream 0) completed in 4.794444099s
[2025-09-18 17:48:53] FILE INFO: Encoded video stream 0 - Size: 18316757 bytes (300.133333s duration)
[2025-09-18 17:48:53] Starting DeepGaze processing for video stream 0
[2025-09-18 17:49:54] Processing salience CSV for stream 0
[2025-09-18 17:49:54] TIMING: Salience processing (stream 0) completed in .051098751s
[2025-09-18 17:49:54] FILE INFO: Salience engagement: stream 0 - Size: 831237 bytes
[2025-09-18 17:49:54] TIMING: DeepGaze processing (stream 0) completed in 60.854828242s
[2025-09-18 17:49:54] TIMING: Complete video stream 0 processing completed in 65.764200718s
[2025-09-18 17:49:54] STORAGE: After video processing (stream 0) - Current: 359635190 bytes, Peak: 750391258 bytes
[2025-09-18 17:49:54] TIMING: All video processing completed in 65.920631135s
[2025-09-18 17:49:54] === FINALIZATION START ===
[2025-09-18 17:49:54] Available files for finalization: Vocals=0, Nonvocals=0, Video=1
[2025-09-18 17:49:54] Selected files: vocals=./../temp/quicky_video0_salience_engagement.csv, nonvocals=NONE, video=NONE
[2025-09-18 17:49:54] Attempting vocals-only finalization strategy
[2025-09-18 17:49:54] TIMING: Vocals-only finalization completed in .015952092s
[2025-09-18 17:49:54] FILE INFO: Finalized output (vocals-only) - Size: 7909343 bytes
[2025-09-18 17:49:54] TIMING: Finalization process completed in .076069868s
[2025-09-18 17:49:54] Starting GUI overlay generation
[2025-09-18 17:49:54] Input: ./../temp/quicky.mp4, Data: ./../temp/quicky_finalized.csv, Output: ./../temp/quicky_data_overlay.mp4
[2025-09-18 17:50:58] TIMING: GUI overlay generation completed in 64.140055487s
[2025-09-18 17:50:58] FILE INFO: Final overlay video - Size: 157069710 bytes (300.033333s duration)
[2025-09-18 17:50:58] === FINAL SUMMARY ===
[2025-09-18 17:50:58] Total runtime: 329.298203930s
[2025-09-18 17:50:58] Peak storage usage: 750391258 bytes
[2025-09-18 17:50:58] STORAGE: Final - Current: 341318433 bytes, Peak: 750391258 bytes

=== EXECUTION SUMMARY ===
Script completed at: Thu Sep 18 17:50:58 EDT 2025
Total execution time: 329.298203930s
Peak storage usage: 750391258 bytes
Input file: ./../temp/quicky.mp4
Audio streams processed: 1
Video streams processed: 1
Finalization successful: true
Output directory: ./../temp
Final CSV: ./../temp/quicky_finalized.csv
Final video: ./../temp/quicky_data_overlay.mp4
