=== MEDIA TRACK EXTRACTOR LOG ===
Run: 12
Started: Mon Sep 22 15:47:32 EDT 2025
Input: ./output_001.mp4
GUI Overlay: false

[2025-09-22 15:47:32] === INITIALIZATION ===
[2025-09-22 15:47:33] FILE INFO: Input file - Size: 2276468225 bytes (3599.999349s duration)
[2025-09-22 15:47:33] TIMING: Initialization completed in .450681749s
[2025-09-22 15:47:33] === AUDIO TRACK PROCESSING START ===
[2025-09-22 15:47:33] Found 1 audio stream(s)
[2025-09-22 15:47:33] === Processing Audio Stream 0 ===
[2025-09-22 15:47:33] Starting silence detection for stream 0
[2025-09-22 15:47:50] TIMING: Silence detection (stream 0) completed in 17.466914253s
[2025-09-22 15:47:50] Silence analysis: 99 segments, 4% of 3599s total
[2025-09-22 15:47:50] Extracting audio stream 0
[2025-09-22 15:48:05] TIMING: Audio extraction (stream 0) completed in 14.864981359s
[2025-09-22 15:48:05] FILE INFO: Extracted audio stream 0 - Size: 691184754 bytes (3599.920000s duration)
[2025-09-22 15:48:05] STORAGE: After audio extraction (stream 0) - Current: 691184754 bytes, Peak: 691184754 bytes
[2025-09-22 15:48:05] Starting Demucs processing for stream 0
[2025-09-22 15:50:48] TIMING: Demucs processing (stream 0) completed in 163.059328773s
[2025-09-22 15:50:48] STORAGE: After Demucs (stream 0) - Current: 1119924830 bytes, Peak: 1119924830 bytes
[2025-09-22 15:50:48] FILE INFO: Demucs output: output_001_audio0_vocals.wav - Size: 214370038 bytes (2233.020417s duration)
[2025-09-22 15:50:49] FILE INFO: Demucs output: output_001_audio0_nonvocals.wav - Size: 214370038 bytes (2233.020417s duration)
[2025-09-22 15:50:49] Processing output_001_audio0_vocals - creating variants and features
[2025-09-22 15:51:01] TIMING: Audio variants creation (output_001_audio0_vocals) completed in 12.138210995s
[2025-09-22 15:51:01] Starting vocal processing for output_001_audio0_vocals
[2025-09-22 15:51:02] TIMING: Feature extraction (rms) completed in 1.735736742s
[2025-09-22 15:51:05] TIMING: Feature extraction (zcr) completed in 2.977161356s
[2025-09-22 15:54:44] TIMING: Feature extraction (pitch) completed in 218.251339167s
[2025-09-22 15:54:54] TIMING: Feature extraction (spectral) completed in 9.940554477s
[2025-09-22 15:54:59] TIMING: Feature extraction (formant) completed in 5.197379717s
[2025-09-22 15:54:59] TIMING: Feature extraction (jitter) completed in .009753403s
[2025-09-22 15:55:18] TIMING: CSV post-processing (output_001_audio0_vocals) completed in 19.361561609s
[2025-09-22 15:55:18] Starting emotion processing for output_001_audio0_vocals
[2025-09-22 15:56:34] TIMING: Emotion processing (output_001_audio0_vocals) completed in 75.672052148s
[2025-09-22 15:56:34] Starting transcript processing for output_001_audio0_vocals
[2025-09-22 15:58:44] TIMING: Transcript processing (output_001_audio0_vocals) completed in 129.647841637s
[2025-09-22 15:58:44] TIMING: Complete vocal processing (output_001_audio0_vocals) completed in 462.901245246s
[2025-09-22 15:58:44] TIMING: Complete processing (output_001_audio0_vocals) completed in 475.071474869s
[2025-09-22 15:58:44] STORAGE: After processing output_001_audio0_vocals - Current: 1740368372 bytes, Peak: 1740368372 bytes
[2025-09-22 15:58:44] Processing output_001_audio0_nonvocals - creating variants and features
[2025-09-22 15:58:58] TIMING: Audio variants creation (output_001_audio0_nonvocals) completed in 13.773566974s
[2025-09-22 15:58:58] Starting nonvocal processing for output_001_audio0_nonvocals
[2025-09-22 15:58:59] TIMING: Feature extraction (rms) completed in 1.651193409s
[2025-09-22 15:59:01] TIMING: Feature extraction (zcr) completed in 1.571655739s
[2025-09-22 15:59:11] TIMING: Feature extraction (spectral) completed in 9.765473813s
[2025-09-22 15:59:28] TIMING: Complete nonvocal processing (output_001_audio0_nonvocals) completed in 29.943579105s
[2025-09-22 15:59:28] TIMING: Complete processing (output_001_audio0_nonvocals) completed in 43.749614667s
[2025-09-22 15:59:28] STORAGE: After processing output_001_audio0_nonvocals - Current: 1570895530 bytes, Peak: 1740368372 bytes
[2025-09-22 15:59:28] TIMING: Complete audio stream 0 processing completed in 714.947631091s
[2025-09-22 15:59:28] TIMING: All audio processing completed in 715.097721815s
[2025-09-22 15:59:28] === CSV MERGING START ===
[2025-09-22 15:59:28] Merging CSVs for output_001_audio0_vocals
[2025-09-22 15:59:33] TIMING: CSV merge (output_001_audio0_vocals) completed in 4.867641226s
[2025-09-22 15:59:33] FILE INFO: Merged CSV: output_001_audio0_vocals - Size: 98525031 bytes
[2025-09-22 15:59:33] Merging CSVs for output_001_audio0_nonvocals
[2025-09-22 15:59:35] TIMING: CSV merge (output_001_audio0_nonvocals) completed in 1.854326682s
[2025-09-22 15:59:35] FILE INFO: Merged CSV: output_001_audio0_nonvocals - Size: 48986068 bytes
[2025-09-22 15:59:35] TIMING: All CSV merging completed in 6.773482927s
[2025-09-22 15:59:35] STORAGE: After CSV merging - Current: 147609850 bytes, Peak: 1740368372 bytes
[2025-09-22 15:59:35] === VIDEO PROCESSING START ===
[2025-09-22 15:59:35] Found 1 video stream(s)
[2025-09-22 15:59:35] Processing Video Stream 0
[2025-09-22 16:00:38] TIMING: Video encoding (stream 0) completed in 63.532118271s
[2025-09-22 16:00:38] FILE INFO: Encoded video stream 0 - Size: 56408679 bytes (3600.000000s duration)
[2025-09-22 16:00:38] Starting DeepGaze processing for video stream 0
[2025-09-22 16:06:32] Processing salience CSV for stream 0
[2025-09-22 16:06:34] TIMING: Salience processing (stream 0) completed in 1.281278220s
[2025-09-22 16:06:34] FILE INFO: Salience engagement: stream 0 - Size: 9988128 bytes
[2025-09-22 16:06:34] TIMING: DeepGaze processing (stream 0) completed in 355.285125203s
[2025-09-22 16:06:34] TIMING: Complete video stream 0 processing completed in 418.952697709s
[2025-09-22 16:06:34] STORAGE: After video processing (stream 0) - Current: 214006657 bytes, Peak: 1740368372 bytes
[2025-09-22 16:06:34] TIMING: All video processing completed in 419.155324742s
[2025-09-22 16:06:34] === FINALIZATION START ===
[2025-09-22 16:06:34] Available files for finalization: Vocals=1, Nonvocals=1, Video=1
[2025-09-22 16:06:34] Selected files: vocals=./../temp/output_001_audio0_vocals_merged.csv, nonvocals=./../temp/output_001_audio0_nonvocals_merged.csv, video=./../temp/output_001_video0_salience_engagement.csv
[2025-09-22 16:06:34] Attempting full finalization strategy
[2025-09-22 16:07:29] TIMING: Full finalization completed in 54.995920008s
[2025-09-22 16:07:29] FILE INFO: Finalized output (full) - Size: 300321335 bytes
[2025-09-22 16:07:29] TIMING: Finalization process completed in 55.062832480s
[2025-09-22 16:07:29] Starting clip detection on ./../temp/output_001_finalized.csv
[2025-09-22 16:07:36] ERROR: Clip detection script ran but no output file was created
[2025-09-22 16:07:36] Skipping GUI overlay generation (not requested via --gui-overlay flag)
[2025-09-22 16:07:36] === FINAL SUMMARY ===
[2025-09-22 16:07:36] Total runtime: 1203.502121699s
[2025-09-22 16:07:36] Peak storage usage: 1740368372 bytes
[2025-09-22 16:07:36] STORAGE: Final - Current: 458558514 bytes, Peak: 1740368372 bytes

=== EXECUTION SUMMARY ===
Script completed at: Mon Sep 22 16:07:36 EDT 2025
Total execution time: 1203.502121699s
Peak storage usage: 1740368372 bytes
Input file: ./output_001.mp4
Audio streams processed: 1
Video streams processed: 1
Finalization successful: true
Clip detection successful: false
GUI overlay enabled: false
Output directory: ./../temp
Final CSV: ./../temp/output_001_finalized.csv
