=== MEDIA TRACK EXTRACTOR LOG ===
Run: 20
Started: Tue Sep 23 13:15:39 EDT 2025
Input: ./../temp/parts.mp4
GUI Overlay: false

[2025-09-23 13:15:39] === INITIALIZATION ===
[2025-09-23 13:15:39] FILE INFO: Input file - Size: 2387571895 bytes (3600.113333s duration)
[2025-09-23 13:15:39] TIMING: Initialization completed in .166543723s
[2025-09-23 13:15:39] === AUDIO TRACK PROCESSING START ===
[2025-09-23 13:15:39] Found 1 audio stream(s)
[2025-09-23 13:15:39] === Processing Audio Stream 0 ===
[2025-09-23 13:15:39] Starting silence detection for stream 0
[2025-09-23 13:15:57] TIMING: Silence detection (stream 0) completed in 17.724379396s
[2025-09-23 13:15:57] Silence analysis: 91 segments, 6% of 3600s total
[2025-09-23 13:15:57] Extracting audio stream 0
[2025-09-23 13:16:13] TIMING: Audio extraction (stream 0) completed in 16.094913710s
[2025-09-23 13:16:13] FILE INFO: Extracted audio stream 0 - Size: 691200114 bytes (3600.000000s duration)
[2025-09-23 13:16:13] STORAGE: After audio extraction (stream 0) - Current: 4203366690 bytes, Peak: 4203366690 bytes
[2025-09-23 13:16:13] Starting Demucs processing for stream 0
[2025-09-23 13:16:13] ERROR: Demucs processing failed for ./../temp/parts_audio0.wav
[2025-09-23 13:16:13] TIMING: All audio processing completed in 34.419474421s
[2025-09-23 13:16:13] === CSV MERGING START ===
[2025-09-23 13:16:13] No CSVs to merge for parts_audio0_vocals
[2025-09-23 13:16:13] No CSVs to merge for parts_audio0_nonvocals
[2025-09-23 13:16:13] TIMING: All CSV merging completed in .032201204s
[2025-09-23 13:16:14] STORAGE: After CSV merging - Current: 4203366690 bytes, Peak: 4203366690 bytes
[2025-09-23 13:16:14] === VIDEO PROCESSING START ===
[2025-09-23 13:16:14] Found 1 video stream(s)
[2025-09-23 13:16:14] Processing Video Stream 0
[2025-09-23 13:17:21] TIMING: Video encoding (stream 0) completed in 67.469235834s
[2025-09-23 13:17:21] FILE INFO: Encoded video stream 0 - Size: 49705928 bytes (3600.133333s duration)
[2025-09-23 13:17:21] Starting DeepGaze processing for video stream 0
