=== MEDIA TRACK EXTRACTOR LOG ===
Run: 7
Started: Sun Sep 21 14:31:08 EDT 2025
Input: ./../temp/quicky.mp4
GUI Overlay: false

[2025-09-21 14:31:08] === INITIALIZATION ===
[2025-09-21 14:31:08] FILE INFO: Input file - Size: 175508143 bytes (300.113333s duration)
[2025-09-21 14:31:08] TIMING: Initialization completed in .115777014s
[2025-09-21 14:31:08] === AUDIO TRACK PROCESSING START ===
[2025-09-21 14:31:08] Found 1 audio stream(s)
[2025-09-21 14:31:08] === Processing Audio Stream 0 ===
[2025-09-21 14:31:08] Starting silence detection for stream 0
[2025-09-21 14:31:09] TIMING: Silence detection (stream 0) completed in 1.419785561s
[2025-09-21 14:31:09] Silence analysis: 4 segments, 26% of 300s total
[2025-09-21 14:31:09] Extracting audio stream 0
[2025-09-21 14:31:11] TIMING: Audio extraction (stream 0) completed in 1.341996337s
[2025-09-21 14:31:11] FILE INFO: Extracted audio stream 0 - Size: 57602162 bytes (300.010667s duration)
[2025-09-21 14:31:11] STORAGE: After audio extraction (stream 0) - Current: 285044892 bytes, Peak: 285044892 bytes
[2025-09-21 14:31:11] Starting Demucs processing for stream 0
[2025-09-21 14:31:49] TIMING: Demucs processing (stream 0) completed in 38.585075815s
[2025-09-21 14:31:50] STORAGE: After Demucs (stream 0) - Current: 342645048 bytes, Peak: 342645048 bytes
[2025-09-21 14:31:50] FILE INFO: Demucs output: quicky_audio0_vocals.wav - Size: 28800078 bytes (300.000000s duration)
[2025-09-21 14:31:50] FILE INFO: Demucs output: quicky_audio0_nonvocals.wav - Size: 28800078 bytes (300.000000s duration)
[2025-09-21 14:31:50] Processing quicky_audio0_vocals - creating variants and features
[2025-09-21 14:31:52] TIMING: Audio variants creation (quicky_audio0_vocals) completed in 1.870587890s
[2025-09-21 14:31:52] Starting vocal processing for quicky_audio0_vocals
[2025-09-21 14:31:52] TIMING: Feature extraction (rms) completed in .230360813s
[2025-09-21 14:31:52] TIMING: Feature extraction (zcr) completed in .220706453s
[2025-09-21 14:32:03] TIMING: Feature extraction (pitch) completed in 11.266725374s
[2025-09-21 14:32:05] TIMING: Feature extraction (spectral) completed in 1.253263608s
[2025-09-21 14:32:05] TIMING: Feature extraction (formant) completed in .713706941s
[2025-09-21 14:32:05] TIMING: Feature extraction (jitter) completed in .009461502s
[2025-09-21 14:32:06] TIMING: CSV post-processing (quicky_audio0_vocals) completed in .631245118s
[2025-09-21 14:32:06] Starting emotion processing for quicky_audio0_vocals
[2025-09-21 14:33:08] TIMING: Emotion processing (quicky_audio0_vocals) completed in 62.017653209s
[2025-09-21 14:33:08] Starting transcript processing for quicky_audio0_vocals
[2025-09-21 14:33:35] TIMING: Transcript processing (quicky_audio0_vocals) completed in 27.231758855s
[2025-09-21 14:33:35] TIMING: Complete vocal processing (quicky_audio0_vocals) completed in 103.684460381s
[2025-09-21 14:33:35] TIMING: Complete processing (quicky_audio0_vocals) completed in 105.586550395s
[2025-09-21 14:33:35] STORAGE: After processing quicky_audio0_vocals - Current: 425786739 bytes, Peak: 425786739 bytes
[2025-09-21 14:33:35] Processing quicky_audio0_nonvocals - creating variants and features
[2025-09-21 14:33:37] TIMING: Audio variants creation (quicky_audio0_nonvocals) completed in 2.016153549s
[2025-09-21 14:33:37] Starting nonvocal processing for quicky_audio0_nonvocals
[2025-09-21 14:33:38] TIMING: Feature extraction (rms) completed in .227258958s
[2025-09-21 14:33:38] TIMING: Feature extraction (zcr) completed in .218982994s
[2025-09-21 14:33:39] TIMING: Feature extraction (spectral) completed in 1.277103681s
[2025-09-21 14:33:40] TIMING: Complete nonvocal processing (quicky_audio0_nonvocals) completed in 2.255130944s
[2025-09-21 14:33:40] TIMING: Complete processing (quicky_audio0_nonvocals) completed in 4.304242264s
[2025-09-21 14:33:40] STORAGE: After processing quicky_audio0_nonvocals - Current: 402807188 bytes, Peak: 425786739 bytes
[2025-09-21 14:33:40] TIMING: Complete audio stream 0 processing completed in 151.969253310s
[2025-09-21 14:33:40] TIMING: All audio processing completed in 152.086229876s
[2025-09-21 14:33:40] === CSV MERGING START ===
[2025-09-21 14:33:40] Merging CSVs for quicky_audio0_vocals
[2025-09-21 14:33:41] TIMING: CSV merge (quicky_audio0_vocals) completed in 1.444322862s
[2025-09-21 14:33:41] Merging CSVs for quicky_audio0_nonvocals
[2025-09-21 14:33:42] TIMING: CSV merge (quicky_audio0_nonvocals) completed in .665056667s
[2025-09-21 14:33:42] TIMING: All CSV merging completed in 2.138478590s
[2025-09-21 14:33:42] STORAGE: After CSV merging - Current: 210546263 bytes, Peak: 425786739 bytes
[2025-09-21 14:33:42] === VIDEO PROCESSING START ===
[2025-09-21 14:33:42] Found 1 video stream(s)
[2025-09-21 14:33:42] Processing Video Stream 0
[2025-09-21 14:33:47] TIMING: Video encoding (stream 0) completed in 5.139737597s
[2025-09-21 14:33:47] FILE INFO: Encoded video stream 0 - Size: 18316757 bytes (300.133333s duration)
[2025-09-21 14:33:47] Starting DeepGaze processing for video stream 0
[2025-09-21 14:34:50] Processing salience CSV for stream 0
[2025-09-21 14:34:50] TIMING: Salience processing (stream 0) completed in .049763698s
[2025-09-21 14:34:50] FILE INFO: Salience engagement: stream 0 - Size: 831237 bytes
[2025-09-21 14:34:50] TIMING: DeepGaze processing (stream 0) completed in 62.616843983s
[2025-09-21 14:34:50] TIMING: Complete video stream 0 processing completed in 67.882342966s
[2025-09-21 14:34:50] STORAGE: After video processing (stream 0) - Current: 228863020 bytes, Peak: 425786739 bytes
[2025-09-21 14:34:50] TIMING: All video processing completed in 68.046811646s
[2025-09-21 14:34:50] === FINALIZATION START ===
[2025-09-21 14:34:50] Available files for finalization: Vocals=0, Nonvocals=0, Video=1
[2025-09-21 14:34:50] Selected files: vocals=./../temp/quicky_video0_salience_engagement.csv, nonvocals=NONE, video=NONE
[2025-09-21 14:34:50] Attempting vocals-only finalization strategy
[2025-09-21 14:34:50] TIMING: Vocals-only finalization completed in .014026481s
[2025-09-21 14:34:50] FILE INFO: Finalized output (vocals-only) - Size: 34206883 bytes
[2025-09-21 14:34:50] TIMING: Finalization process completed in .075746076s
[2025-09-21 14:34:50] Starting clip detection on ./../temp/quicky_finalized.csv
[2025-09-21 14:34:53] ERROR: Clip detection failed
[2025-09-21 14:34:53] Skipping GUI overlay generation (not requested via --gui-overlay flag)
[2025-09-21 14:34:53] === FINAL SUMMARY ===
[2025-09-21 14:34:53] Total runtime: 225.645525692s
[2025-09-21 14:34:53] Peak storage usage: 425786739 bytes
[2025-09-21 14:34:53] STORAGE: Final - Current: 210546263 bytes, Peak: 425786739 bytes

=== EXECUTION SUMMARY ===
Script completed at: Sun Sep 21 14:34:53 EDT 2025
Total execution time: 225.645525692s
Peak storage usage: 425786739 bytes
Input file: ./../temp/quicky.mp4
Audio streams processed: 1
Video streams processed: 1
Finalization successful: true
Clip detection successful: false
GUI overlay enabled: false
Output directory: ./../temp
Final CSV: ./../temp/quicky_finalized.csv
