=== MEDIA TRACK EXTRACTOR LOG ===
Run: 16
Started: Thu Sep 18 15:15:50 EDT 2025
Input: ./../temp/quicky.mp4

[2025-09-18 15:15:50] === INITIALIZATION ===
[2025-09-18 15:15:50] FILE INFO: Input file - Size: 175508143 bytes (300.113333s duration)
[2025-09-18 15:15:50] TIMING: Initialization completed in .123359082s
[2025-09-18 15:15:50] === AUDIO TRACK PROCESSING START ===
[2025-09-18 15:15:50] Found 1 audio stream(s)
[2025-09-18 15:15:50] === Processing Audio Stream 0 ===
[2025-09-18 15:15:50] Starting silence detection for stream 0
[2025-09-18 15:15:52] TIMING: Silence detection (stream 0) completed in 1.536354608s
[2025-09-18 15:15:52] Silence analysis: 4 segments, 26% of 300s total
[2025-09-18 15:15:52] Extracting audio stream 0
[2025-09-18 15:15:53] TIMING: Audio extraction (stream 0) completed in 1.468099507s
[2025-09-18 15:15:53] FILE INFO: Extracted audio stream 0 - Size: 57602162 bytes (300.010667s duration)
[2025-09-18 15:15:53] STORAGE: After audio extraction (stream 0) - Current: 398339082 bytes, Peak: 398339082 bytes
[2025-09-18 15:15:53] Starting Demucs processing for stream 0
[2025-09-18 15:16:37] TIMING: Demucs processing (stream 0) completed in 44.202912360s
[2025-09-18 15:16:37] STORAGE: After Demucs (stream 0) - Current: 557099310 bytes, Peak: 557099310 bytes
[2025-09-18 15:16:38] FILE INFO: Demucs output: quicky_audio0_vocals.wav - Size: 105840114 bytes (300.000000s duration)
[2025-09-18 15:16:38] FILE INFO: Demucs output: quicky_audio0_nonvocals.wav - Size: 52920114 bytes (300.000000s duration)
[2025-09-18 15:16:38] Processing quicky_audio0_vocals - creating variants and features
[2025-09-18 15:16:47] TIMING: Audio variants creation (quicky_audio0_vocals) completed in 9.422846356s
[2025-09-18 15:16:47] Starting vocal processing for quicky_audio0_vocals
[2025-09-18 15:16:48] TIMING: Feature extraction (rms) completed in .518591824s
[2025-09-18 15:16:48] TIMING: Feature extraction (zcr) completed in .455002349s
[2025-09-18 15:18:03] TIMING: Feature extraction (pitch) completed in 75.277238074s
[2025-09-18 15:18:06] TIMING: Feature extraction (spectral) completed in 2.958462797s
[2025-09-18 15:18:08] TIMING: Feature extraction (formant) completed in 1.515981039s
[2025-09-18 15:18:08] TIMING: Feature extraction (jitter) completed in .010472908s
[2025-09-18 15:18:09] TIMING: CSV post-processing (quicky_audio0_vocals) completed in 1.477326753s
[2025-09-18 15:18:09] Starting emotion processing for quicky_audio0_vocals
[2025-09-18 15:19:19] TIMING: Emotion processing (quicky_audio0_vocals) completed in 69.548069938s
[2025-09-18 15:19:19] Starting transcript processing for quicky_audio0_vocals
[2025-09-18 15:19:52] TIMING: Transcript processing (quicky_audio0_vocals) completed in 32.802043848s
[2025-09-18 15:19:52] TIMING: Complete vocal processing (quicky_audio0_vocals) completed in 184.686593649s
[2025-09-18 15:19:52] TIMING: Complete processing (quicky_audio0_vocals) completed in 194.146130626s
[2025-09-18 15:19:52] STORAGE: After processing quicky_audio0_vocals - Current: 722700546 bytes, Peak: 722700546 bytes
[2025-09-18 15:19:52] Processing quicky_audio0_nonvocals - creating variants and features
[2025-09-18 15:19:56] TIMING: Audio variants creation (quicky_audio0_nonvocals) completed in 3.638176333s
[2025-09-18 15:19:56] Starting nonvocal processing for quicky_audio0_nonvocals
[2025-09-18 15:19:56] TIMING: Feature extraction (rms) completed in .308908776s
[2025-09-18 15:19:56] TIMING: Feature extraction (zcr) completed in .279965810s
[2025-09-18 15:19:58] TIMING: Feature extraction (spectral) completed in 1.529489276s
[2025-09-18 15:19:58] TIMING: Complete nonvocal processing (quicky_audio0_nonvocals) completed in 2.680133607s
[2025-09-18 15:19:58] TIMING: Complete processing (quicky_audio0_nonvocals) completed in 6.356125503s
[2025-09-18 15:19:58] STORAGE: After processing quicky_audio0_nonvocals - Current: 546933763 bytes, Peak: 722700546 bytes
[2025-09-18 15:19:58] TIMING: Complete audio stream 0 processing completed in 248.516028702s
[2025-09-18 15:19:58] TIMING: All audio processing completed in 248.637637812s
[2025-09-18 15:19:59] === CSV MERGING START ===
[2025-09-18 15:19:59] Merging CSVs for quicky_audio0_vocals
[2025-09-18 15:20:00] TIMING: CSV merge (quicky_audio0_vocals) completed in 1.458613922s
[2025-09-18 15:20:00] FILE INFO: Merged CSV: quicky_audio0_vocals - Size: 21520482 bytes
[2025-09-18 15:20:00] Merging CSVs for quicky_audio0_nonvocals
[2025-09-18 15:20:00] TIMING: CSV merge (quicky_audio0_nonvocals) completed in .394379334s
[2025-09-18 15:20:00] FILE INFO: Merged CSV: quicky_audio0_nonvocals - Size: 5535577 bytes
[2025-09-18 15:20:00] TIMING: All CSV merging completed in 1.915587044s
[2025-09-18 15:20:00] STORAGE: After CSV merging - Current: 367792979 bytes, Peak: 722700546 bytes
[2025-09-18 15:20:00] === VIDEO PROCESSING START ===
[2025-09-18 15:20:01] Found 1 video stream(s)
[2025-09-18 15:20:01] Processing Video Stream 0
[2025-09-18 15:20:08] TIMING: Video encoding (stream 0) completed in 7.357298760s
[2025-09-18 15:20:08] FILE INFO: Encoded video stream 0 - Size: 18316757 bytes (300.133333s duration)
[2025-09-18 15:20:08] Starting DeepGaze processing for video stream 0
[2025-09-18 15:21:11] Processing salience CSV for stream 0
[2025-09-18 15:21:11] TIMING: Salience processing (stream 0) completed in .061453307s
[2025-09-18 15:21:11] FILE INFO: Salience engagement: stream 0 - Size: 831237 bytes
[2025-09-18 15:21:11] TIMING: DeepGaze processing (stream 0) completed in 62.523375404s
[2025-09-18 15:21:11] TIMING: Complete video stream 0 processing completed in 70.012576546s
[2025-09-18 15:21:11] STORAGE: After video processing (stream 0) - Current: 386109736 bytes, Peak: 722700546 bytes
[2025-09-18 15:21:11] TIMING: All video processing completed in 70.211502930s
[2025-09-18 15:21:11] === FINALIZATION START ===
[2025-09-18 15:21:11] Available files for finalization: Vocals=1, Nonvocals=1, Video=1
[2025-09-18 15:21:11] Selected files: vocals=./../temp/quicky_audio0_vocals_merged.csv, nonvocals=./../temp/quicky_audio0_nonvocals_merged.csv, video=./../temp/quicky_video0_salience_engagement.csv
[2025-09-18 15:21:11] Attempting full finalization strategy
[2025-09-18 15:21:21] TIMING: Full finalization completed in 10.616936433s
[2025-09-18 15:21:21] FILE INFO: Finalized output (full) - Size: 7908037 bytes
[2025-09-18 15:21:21] TIMING: Finalization process completed in 10.690748826s
[2025-09-18 15:21:21] Starting GUI overlay generation
[2025-09-18 15:21:21] Input: ./../temp/quicky.mp4, Data: ./../temp/quicky_finalized.csv, Output: ./../temp/quicky_data_overlay.mp4
[2025-09-18 15:22:32] TIMING: GUI overlay generation completed in 70.497484108s
[2025-09-18 15:22:32] FILE INFO: Final overlay video - Size: 157022372 bytes (300.033333s duration)
[2025-09-18 15:22:32] === FINAL SUMMARY ===
[2025-09-18 15:22:32] Total runtime: 402.398736071s
[2025-09-18 15:22:32] Peak storage usage: 722700546 bytes
[2025-09-18 15:22:32] STORAGE: Final - Current: 368325848 bytes, Peak: 722700546 bytes

=== EXECUTION SUMMARY ===
Script completed at: Thu Sep 18 15:22:32 EDT 2025
Total execution time: 402.398736071s
Peak storage usage: 722700546 bytes
Input file: ./../temp/quicky.mp4
Audio streams processed: 1
Video streams processed: 1
Finalization successful: true
Output directory: ./../temp
Final CSV: ./../temp/quicky_finalized.csv
Final video: ./../temp/quicky_data_overlay.mp4
