=== MEDIA TRACK EXTRACTOR LOG ===
Run: 10
Started: Sun Sep 21 23:49:08 EDT 2025
Input: ./../temp/quicky.mp4
GUI Overlay: false

[2025-09-21 23:49:08] === INITIALIZATION ===
[2025-09-21 23:49:08] FILE INFO: Input file - Size: 175508143 bytes (300.113333s duration)
[2025-09-21 23:49:08] TIMING: Initialization completed in .461110110s
[2025-09-21 23:49:08] === AUDIO TRACK PROCESSING START ===
[2025-09-21 23:49:08] Found 1 audio stream(s)
[2025-09-21 23:49:08] === Processing Audio Stream 0 ===
[2025-09-21 23:49:08] Starting silence detection for stream 0
[2025-09-21 23:49:11] TIMING: Silence detection (stream 0) completed in 2.137925722s
[2025-09-21 23:49:11] Silence analysis: 3 segments, 25% of 300s total
[2025-09-21 23:49:11] Extracting audio stream 0
[2025-09-21 23:49:12] TIMING: Audio extraction (stream 0) completed in 1.612737399s
[2025-09-21 23:49:12] FILE INFO: Extracted audio stream 0 - Size: 57602162 bytes (300.010667s duration)
[2025-09-21 23:49:12] STORAGE: After audio extraction (stream 0) - Current: 233110305 bytes, Peak: 233110305 bytes
[2025-09-21 23:49:12] Starting Demucs processing for stream 0
[2025-09-21 23:49:55] TIMING: Demucs processing (stream 0) completed in 42.785698323s
[2025-09-21 23:49:55] STORAGE: After Demucs (stream 0) - Current: 290710461 bytes, Peak: 290710461 bytes
[2025-09-21 23:49:57] FILE INFO: Demucs output: quicky_audio0_vocals.wav - Size: 28800078 bytes (300.000000s duration)
[2025-09-21 23:49:57] FILE INFO: Demucs output: quicky_audio0_nonvocals.wav - Size: 28800078 bytes (300.000000s duration)
[2025-09-21 23:49:57] Processing quicky_audio0_vocals - creating variants and features
[2025-09-21 23:49:59] TIMING: Audio variants creation (quicky_audio0_vocals) completed in 2.400886410s
[2025-09-21 23:49:59] Starting vocal processing for quicky_audio0_vocals
[2025-09-21 23:50:00] TIMING: Feature extraction (rms) completed in .272827474s
[2025-09-21 23:50:00] TIMING: Feature extraction (zcr) completed in .245230058s
[2025-09-21 23:50:15] TIMING: Feature extraction (pitch) completed in 15.512970227s
[2025-09-21 23:50:17] TIMING: Feature extraction (spectral) completed in 1.529323299s
[2025-09-21 23:50:18] TIMING: Feature extraction (formant) completed in .800594813s
[2025-09-21 23:50:18] TIMING: Feature extraction (jitter) completed in .011042341s
[2025-09-21 23:50:19] TIMING: CSV post-processing (quicky_audio0_vocals) completed in .684925891s
[2025-09-21 23:50:19] Starting emotion processing for quicky_audio0_vocals
[2025-09-21 23:51:52] TIMING: Emotion processing (quicky_audio0_vocals) completed in 93.085639068s
[2025-09-21 23:51:52] Starting transcript processing for quicky_audio0_vocals
[2025-09-21 23:52:24] TIMING: Transcript processing (quicky_audio0_vocals) completed in 32.792871500s
[2025-09-21 23:52:24] TIMING: Complete vocal processing (quicky_audio0_vocals) completed in 145.068722623s
[2025-09-21 23:52:24] TIMING: Complete processing (quicky_audio0_vocals) completed in 147.510529626s
[2025-09-21 23:52:25] STORAGE: After processing quicky_audio0_vocals - Current: 373846206 bytes, Peak: 373846206 bytes
[2025-09-21 23:52:25] Processing quicky_audio0_nonvocals - creating variants and features
[2025-09-21 23:52:27] TIMING: Audio variants creation (quicky_audio0_nonvocals) completed in 2.301682184s
[2025-09-21 23:52:27] Starting nonvocal processing for quicky_audio0_nonvocals
[2025-09-21 23:52:27] TIMING: Feature extraction (rms) completed in .253809489s
[2025-09-21 23:52:27] TIMING: Feature extraction (zcr) completed in .249183460s
[2025-09-21 23:52:29] TIMING: Feature extraction (spectral) completed in 1.427271533s
[2025-09-21 23:52:29] TIMING: Complete nonvocal processing (quicky_audio0_nonvocals) completed in 2.503222111s
[2025-09-21 23:52:29] TIMING: Complete processing (quicky_audio0_nonvocals) completed in 4.841274770s
[2025-09-21 23:52:30] STORAGE: After processing quicky_audio0_nonvocals - Current: 350866182 bytes, Peak: 373846206 bytes
[2025-09-21 23:52:30] TIMING: Complete audio stream 0 processing completed in 201.128044604s
[2025-09-21 23:52:30] TIMING: All audio processing completed in 201.266478443s
[2025-09-21 23:52:30] === CSV MERGING START ===
[2025-09-21 23:52:30] Merging CSVs for quicky_audio0_vocals
[2025-09-21 23:52:30] TIMING: CSV merge (quicky_audio0_vocals) completed in .586507267s
[2025-09-21 23:52:30] FILE INFO: Merged CSV: quicky_audio0_vocals - Size: 13028019 bytes
[2025-09-21 23:52:30] Merging CSVs for quicky_audio0_nonvocals
[2025-09-21 23:52:31] TIMING: CSV merge (quicky_audio0_nonvocals) completed in .283643177s
[2025-09-21 23:52:31] FILE INFO: Merged CSV: quicky_audio0_nonvocals - Size: 6369368 bytes
[2025-09-21 23:52:31] TIMING: All CSV merging completed in .928886787s
[2025-09-21 23:52:31] STORAGE: After CSV merging - Current: 194905530 bytes, Peak: 373846206 bytes
[2025-09-21 23:52:31] === VIDEO PROCESSING START ===
[2025-09-21 23:52:31] Found 1 video stream(s)
[2025-09-21 23:52:31] Processing Video Stream 0
[2025-09-21 23:52:37] TIMING: Video encoding (stream 0) completed in 5.852516940s
[2025-09-21 23:52:37] FILE INFO: Encoded video stream 0 - Size: 18316757 bytes (300.133333s duration)
[2025-09-21 23:52:37] Starting DeepGaze processing for video stream 0
[2025-09-21 23:53:48] Processing salience CSV for stream 0
[2025-09-21 23:53:48] TIMING: Salience processing (stream 0) completed in .066279128s
[2025-09-21 23:53:48] FILE INFO: Salience engagement: stream 0 - Size: 831237 bytes
[2025-09-21 23:53:48] TIMING: DeepGaze processing (stream 0) completed in 71.162675371s
[2025-09-21 23:53:48] TIMING: Complete video stream 0 processing completed in 77.154002116s
[2025-09-21 23:53:48] STORAGE: After video processing (stream 0) - Current: 214053524 bytes, Peak: 373846206 bytes
[2025-09-21 23:53:48] TIMING: All video processing completed in 77.347551180s
[2025-09-21 23:53:48] === FINALIZATION START ===
[2025-09-21 23:53:48] Available files for finalization: Vocals=1, Nonvocals=1, Video=1
[2025-09-21 23:53:48] Selected files: vocals=./../temp/quicky_audio0_vocals_merged.csv, nonvocals=./../temp/quicky_audio0_nonvocals_merged.csv, video=./../temp/quicky_video0_salience_engagement.csv
[2025-09-21 23:53:48] Attempting full finalization strategy
[2025-09-21 23:53:55] TIMING: Full finalization completed in 7.033801816s
[2025-09-21 23:53:55] FILE INFO: Finalized output (full) - Size: 38438972 bytes
[2025-09-21 23:53:55] TIMING: Finalization process completed in 7.114468992s
[2025-09-21 23:53:55] Starting clip detection on ./../temp/quicky_finalized.csv
[2025-09-21 23:54:00] ERROR: Clip detection script ran but no output file was created
[2025-09-21 23:54:00] Skipping GUI overlay generation (not requested via --gui-overlay flag)
[2025-09-21 23:54:00] === FINAL SUMMARY ===
[2025-09-21 23:54:00] Total runtime: 292.133974070s
[2025-09-21 23:54:00] Peak storage usage: 373846206 bytes
[2025-09-21 23:54:00] STORAGE: Final - Current: 234566588 bytes, Peak: 373846206 bytes

=== EXECUTION SUMMARY ===
Script completed at: Sun Sep 21 23:54:00 EDT 2025
Total execution time: 292.133974070s
Peak storage usage: 373846206 bytes
Input file: ./../temp/quicky.mp4
Audio streams processed: 1
Video streams processed: 1
Finalization successful: true
Clip detection successful: false
GUI overlay enabled: false
Output directory: ./../temp
Final CSV: ./../temp/quicky_finalized.csv
