=== MEDIA TRACK EXTRACTOR LOG ===
Run: 1
Started: Wed Sep 17 23:46:34 EDT 2025
Input: ./../temp/quicky.mp4

[2025-09-17 23:46:34] === INITIALIZATION ===
[2025-09-17 23:46:34] FILE INFO: Input file - Size: 175508143 bytes (300.113333s duration)
[2025-09-17 23:46:34] TIMING: Initialization completed in .414718809s
[2025-09-17 23:46:34] === AUDIO TRACK PROCESSING START ===
[2025-09-17 23:46:34] Found 1 audio stream(s)
[2025-09-17 23:46:34] === Processing Audio Stream 0 ===
[2025-09-17 23:46:34] Starting silence detection for stream 0
[2025-09-17 23:46:36] TIMING: Silence detection (stream 0) completed in 1.458304743s
[2025-09-17 23:46:36] Silence analysis: 4 segments, 26% of 300s total
[2025-09-17 23:46:36] Extracting audio stream 0
[2025-09-17 23:46:37] TIMING: Audio extraction (stream 0) completed in 1.401073526s
[2025-09-17 23:46:37] FILE INFO: Extracted audio stream 0 - Size: 57602162 bytes (300.010667s duration)
[2025-09-17 23:46:37] STORAGE: After audio extraction (stream 0) - Current: 233110305 bytes, Peak: 233110305 bytes
[2025-09-17 23:46:37] Starting Demucs processing for stream 0
[2025-09-17 23:47:14] TIMING: Demucs processing (stream 0) completed in 36.959158750s
[2025-09-17 23:47:14] STORAGE: After Demucs (stream 0) - Current: 391870533 bytes, Peak: 391870533 bytes
[2025-09-17 23:47:14] FILE INFO: Demucs output: quicky_audio0_vocals.wav - Size: 105840114 bytes (300.000000s duration)
[2025-09-17 23:47:14] FILE INFO: Demucs output: quicky_audio0_nonvocals.wav - Size: 52920114 bytes (300.000000s duration)
[2025-09-17 23:47:15] Processing quicky_audio0_vocals - creating variants and features
[2025-09-17 23:47:20] TIMING: Audio variants creation (quicky_audio0_vocals) completed in 5.730374763s
[2025-09-17 23:47:20] Starting vocal processing for quicky_audio0_vocals
[2025-09-17 23:47:21] TIMING: Feature extraction (rms) completed in .484806372s
[2025-09-17 23:47:21] TIMING: Feature extraction (zcr) completed in .430206749s
[2025-09-17 23:48:11] TIMING: Feature extraction (pitch) completed in 50.197961194s
[2025-09-17 23:48:14] TIMING: Feature extraction (spectral) completed in 2.424985389s
[2025-09-17 23:48:15] TIMING: Feature extraction (formant) completed in 1.311540280s
[2025-09-17 23:48:15] TIMING: Feature extraction (jitter) completed in .007948713s
[2025-09-17 23:48:16] TIMING: CSV post-processing (quicky_audio0_vocals) completed in 1.129891758s
[2025-09-17 23:48:16] Starting emotion processing for quicky_audio0_vocals
[2025-09-17 23:49:19] TIMING: Emotion processing (quicky_audio0_vocals) completed in 62.856668532s
[2025-09-17 23:49:19] Starting transcript processing for quicky_audio0_vocals
[2025-09-17 23:49:49] TIMING: Transcript processing (quicky_audio0_vocals) completed in 29.367716589s
[2025-09-17 23:49:49] TIMING: Complete vocal processing (quicky_audio0_vocals) completed in 148.314149223s
[2025-09-17 23:49:49] TIMING: Complete processing (quicky_audio0_vocals) completed in 154.076374170s
[2025-09-17 23:49:49] STORAGE: After processing quicky_audio0_vocals - Current: 557515373 bytes, Peak: 557515373 bytes
[2025-09-17 23:49:49] Processing quicky_audio0_nonvocals - creating variants and features
[2025-09-17 23:49:52] TIMING: Audio variants creation (quicky_audio0_nonvocals) completed in 3.301427553s
[2025-09-17 23:49:52] Starting nonvocal processing for quicky_audio0_nonvocals
[2025-09-17 23:49:52] TIMING: Feature extraction (rms) completed in .229908777s
[2025-09-17 23:49:52] TIMING: Feature extraction (zcr) completed in .214632070s
[2025-09-17 23:49:54] TIMING: Feature extraction (spectral) completed in 1.250513817s
[2025-09-17 23:49:54] TIMING: Complete nonvocal processing (quicky_audio0_nonvocals) completed in 2.198498654s
[2025-09-17 23:49:54] TIMING: Complete processing (quicky_audio0_nonvocals) completed in 5.531598243s
[2025-09-17 23:49:54] STORAGE: After processing quicky_audio0_nonvocals - Current: 381755727 bytes, Peak: 557515373 bytes
[2025-09-17 23:49:54] TIMING: Complete audio stream 0 processing completed in 200.040771356s
[2025-09-17 23:49:54] TIMING: All audio processing completed in 200.168862882s
[2025-09-17 23:49:54] === CSV MERGING START ===
[2025-09-17 23:49:54] Merging CSVs for quicky_audio0_vocals
[2025-09-17 23:49:56] TIMING: CSV merge (quicky_audio0_vocals) completed in 1.161652665s
[2025-09-17 23:49:56] FILE INFO: Merged CSV: quicky_audio0_vocals - Size: 21589809 bytes
[2025-09-17 23:49:56] Merging CSVs for quicky_audio0_nonvocals
[2025-09-17 23:49:56] TIMING: CSV merge (quicky_audio0_nonvocals) completed in .359563574s
[2025-09-17 23:49:56] FILE INFO: Merged CSV: quicky_audio0_nonvocals - Size: 5535577 bytes
[2025-09-17 23:49:56] TIMING: All CSV merging completed in 1.568775092s
[2025-09-17 23:49:56] STORAGE: After CSV merging - Current: 202633529 bytes, Peak: 557515373 bytes
[2025-09-17 23:49:56] === VIDEO PROCESSING START ===
[2025-09-17 23:49:56] Found 1 video stream(s)
[2025-09-17 23:49:56] Processing Video Stream 0
[2025-09-17 23:50:01] TIMING: Video encoding (stream 0) completed in 4.874730049s
[2025-09-17 23:50:01] FILE INFO: Encoded video stream 0 - Size: 18316757 bytes (300.133333s duration)
[2025-09-17 23:50:01] Starting DeepGaze processing for video stream 0
[2025-09-17 23:51:44] Processing salience CSV for stream 0
[2025-09-17 23:51:44] TIMING: Salience processing (stream 0) completed in .047326737s
[2025-09-17 23:51:44] FILE INFO: Salience engagement: stream 0 - Size: 812151 bytes
[2025-09-17 23:51:44] TIMING: DeepGaze processing (stream 0) completed in 103.267850415s
[2025-09-17 23:51:44] TIMING: Complete video stream 0 processing completed in 108.258764355s
[2025-09-17 23:51:44] STORAGE: After video processing (stream 0) - Current: 221762437 bytes, Peak: 557515373 bytes
[2025-09-17 23:51:44] TIMING: All video processing completed in 108.415110894s
[2025-09-17 23:51:44] === FINALIZATION START ===
[2025-09-17 23:51:44] Available files for finalization: Vocals=1, Nonvocals=1, Video=1
[2025-09-17 23:51:44] Selected files: vocals=./../temp/quicky_audio0_vocals_merged.csv, nonvocals=./../temp/quicky_audio0_nonvocals_merged.csv, video=./../temp/quicky_video0_salience_engagement.csv
[2025-09-17 23:51:44] Attempting full finalization strategy
[2025-09-17 23:51:53] TIMING: Full finalization completed in 8.190429676s
[2025-09-17 23:51:53] FILE INFO: Finalized output (full) - Size: 7911469 bytes
[2025-09-17 23:51:53] TIMING: Finalization process completed in 8.249487931s
[2025-09-17 23:51:53] Starting GUI overlay generation
[2025-09-17 23:51:53] Input: ./../temp/quicky.mp4, Data: ./../temp/quicky_finalized.csv, Output: ./../temp/quicky_data_overlay.mp4
[2025-09-17 23:52:55] TIMING: GUI overlay generation completed in 62.075348588s
[2025-09-17 23:52:55] FILE INFO: Final overlay video - Size: 157080771 bytes (300.033333s duration)
[2025-09-17 23:52:55] === FINAL SUMMARY ===
[2025-09-17 23:52:55] Total runtime: 381.157946804s
[2025-09-17 23:52:55] Peak storage usage: 557515373 bytes
[2025-09-17 23:52:55] STORAGE: Final - Current: 368437920 bytes, Peak: 557515373 bytes

=== EXECUTION SUMMARY ===
Script completed at: Wed Sep 17 23:52:55 EDT 2025
Total execution time: 381.157946804s
Peak storage usage: 557515373 bytes
Input file: ./../temp/quicky.mp4
Audio streams processed: 1
Video streams processed: 1
Finalization successful: true
Output directory: ./../temp
Final CSV: ./../temp/quicky_finalized.csv
Final video: ./../temp/quicky_data_overlay.mp4
