=== MEDIA TRACK EXTRACTOR LOG ===
Run: 5
Started: Fri Sep 19 00:06:55 EDT 2025
Input: ./../temp/quicky.mp4

[2025-09-19 00:06:55] === INITIALIZATION ===
[2025-09-19 00:06:55] FILE INFO: Input file - Size: 175508143 bytes (300.113333s duration)
[2025-09-19 00:06:55] TIMING: Initialization completed in .111910118s
[2025-09-19 00:06:55] === AUDIO TRACK PROCESSING START ===
[2025-09-19 00:06:55] Found 1 audio stream(s)
[2025-09-19 00:06:55] === Processing Audio Stream 0 ===
[2025-09-19 00:06:55] Starting silence detection for stream 0
[2025-09-19 00:06:57] TIMING: Silence detection (stream 0) completed in 1.356282836s
[2025-09-19 00:06:57] Silence analysis: 4 segments, 26% of 300s total
[2025-09-19 00:06:57] Extracting audio stream 0
[2025-09-19 00:06:58] TIMING: Audio extraction (stream 0) completed in 1.306494962s
[2025-09-19 00:06:58] FILE INFO: Extracted audio stream 0 - Size: 57602162 bytes (300.010667s duration)
[2025-09-19 00:06:58] STORAGE: After audio extraction (stream 0) - Current: 425928495 bytes, Peak: 425928495 bytes
[2025-09-19 00:06:58] Starting Demucs processing for stream 0
[2025-09-19 00:07:36] TIMING: Demucs processing (stream 0) completed in 37.720840994s
[2025-09-19 00:07:36] STORAGE: After Demucs (stream 0) - Current: 584688723 bytes, Peak: 584688723 bytes
[2025-09-19 00:07:36] FILE INFO: Demucs output: quicky_audio0_vocals.wav - Size: 105840114 bytes (300.000000s duration)
[2025-09-19 00:07:36] FILE INFO: Demucs output: quicky_audio0_nonvocals.wav - Size: 52920114 bytes (300.000000s duration)
[2025-09-19 00:07:36] Processing quicky_audio0_vocals - creating variants and features
[2025-09-19 00:07:45] TIMING: Audio variants creation (quicky_audio0_vocals) completed in 8.459438437s
[2025-09-19 00:07:45] Starting vocal processing for quicky_audio0_vocals
[2025-09-19 00:07:45] TIMING: Feature extraction (rms) completed in .433891665s
[2025-09-19 00:07:46] TIMING: Feature extraction (zcr) completed in .410259442s
[2025-09-19 00:08:35] TIMING: Feature extraction (pitch) completed in 49.615980621s
[2025-09-19 00:08:38] TIMING: Feature extraction (spectral) completed in 2.396542054s
[2025-09-19 00:08:39] TIMING: Feature extraction (formant) completed in 1.310406543s
[2025-09-19 00:08:39] TIMING: Feature extraction (jitter) completed in .008293998s
[2025-09-19 00:08:40] TIMING: CSV post-processing (quicky_audio0_vocals) completed in 1.074453553s
[2025-09-19 00:08:40] Starting emotion processing for quicky_audio0_vocals
[2025-09-19 00:09:39] TIMING: Emotion processing (quicky_audio0_vocals) completed in 58.447908553s
[2025-09-19 00:09:39] Starting transcript processing for quicky_audio0_vocals
[2025-09-19 00:10:05] TIMING: Transcript processing (quicky_audio0_vocals) completed in 26.611055354s
[2025-09-19 00:10:05] TIMING: Complete vocal processing (quicky_audio0_vocals) completed in 140.411356343s
[2025-09-19 00:10:05] TIMING: Complete processing (quicky_audio0_vocals) completed in 148.902770359s
[2025-09-19 00:10:05] STORAGE: After processing quicky_audio0_vocals - Current: 750309973 bytes, Peak: 750309973 bytes
[2025-09-19 00:10:05] Processing quicky_audio0_nonvocals - creating variants and features
[2025-09-19 00:10:09] TIMING: Audio variants creation (quicky_audio0_nonvocals) completed in 3.146984570s
[2025-09-19 00:10:09] Starting nonvocal processing for quicky_audio0_nonvocals
[2025-09-19 00:10:09] TIMING: Feature extraction (rms) completed in .253572377s
[2025-09-19 00:10:09] TIMING: Feature extraction (zcr) completed in .232477053s
[2025-09-19 00:10:10] TIMING: Feature extraction (spectral) completed in 1.259304273s
[2025-09-19 00:10:11] TIMING: Complete nonvocal processing (quicky_audio0_nonvocals) completed in 2.261503961s
[2025-09-19 00:10:11] TIMING: Complete processing (quicky_audio0_nonvocals) completed in 5.441929567s
[2025-09-19 00:10:11] STORAGE: After processing quicky_audio0_nonvocals - Current: 574541971 bytes, Peak: 750309973 bytes
[2025-09-19 00:10:11] TIMING: Complete audio stream 0 processing completed in 195.467574234s
[2025-09-19 00:10:11] TIMING: All audio processing completed in 195.581089289s
[2025-09-19 00:10:11] === CSV MERGING START ===
[2025-09-19 00:10:11] Merging CSVs for quicky_audio0_vocals
[2025-09-19 00:10:13] TIMING: CSV merge (quicky_audio0_vocals) completed in 2.410295344s
[2025-09-19 00:10:13] Merging CSVs for quicky_audio0_nonvocals
[2025-09-19 00:10:14] TIMING: CSV merge (quicky_audio0_nonvocals) completed in .653168017s
[2025-09-19 00:10:14] TIMING: All CSV merging completed in 3.090153676s
[2025-09-19 00:10:14] STORAGE: After CSV merging - Current: 341056790 bytes, Peak: 750309973 bytes
[2025-09-19 00:10:14] === VIDEO PROCESSING START ===
[2025-09-19 00:10:14] Found 1 video stream(s)
[2025-09-19 00:10:14] Processing Video Stream 0
[2025-09-19 00:10:19] TIMING: Video encoding (stream 0) completed in 4.843895420s
[2025-09-19 00:10:19] FILE INFO: Encoded video stream 0 - Size: 18316757 bytes (300.133333s duration)
[2025-09-19 00:10:19] Starting DeepGaze processing for video stream 0
[2025-09-19 00:11:18] Processing salience CSV for stream 0
[2025-09-19 00:11:18] TIMING: Salience processing (stream 0) completed in .046519652s
[2025-09-19 00:11:18] FILE INFO: Salience engagement: stream 0 - Size: 831237 bytes
[2025-09-19 00:11:18] TIMING: DeepGaze processing (stream 0) completed in 58.675760585s
[2025-09-19 00:11:18] TIMING: Complete video stream 0 processing completed in 63.636124562s
[2025-09-19 00:11:18] STORAGE: After video processing (stream 0) - Current: 359373547 bytes, Peak: 750309973 bytes
[2025-09-19 00:11:18] TIMING: All video processing completed in 63.789724717s
[2025-09-19 00:11:18] === FINALIZATION START ===
[2025-09-19 00:11:18] Available files for finalization: Vocals=0, Nonvocals=0, Video=1
[2025-09-19 00:11:18] Selected files: vocals=./../temp/quicky_video0_salience_engagement.csv, nonvocals=NONE, video=NONE
[2025-09-19 00:11:18] Attempting vocals-only finalization strategy
[2025-09-19 00:11:18] TIMING: Vocals-only finalization completed in .014363423s
[2025-09-19 00:11:18] FILE INFO: Finalized output (vocals-only) - Size: 7887105 bytes
[2025-09-19 00:11:18] TIMING: Finalization process completed in .069100027s
[2025-09-19 00:11:18] Starting GUI overlay generation
[2025-09-19 00:11:18] Input: ./../temp/quicky.mp4, Data: ./../temp/quicky_finalized.csv, Output: ./../temp/quicky_data_overlay.mp4
[2025-09-19 00:12:16] TIMING: GUI overlay generation completed in 57.618098407s
[2025-09-19 00:12:16] FILE INFO: Final overlay video - Size: 156830305 bytes (300.033333s duration)
[2025-09-19 00:12:16] === FINAL SUMMARY ===
[2025-09-19 00:12:16] Total runtime: 320.515156599s
[2025-09-19 00:12:16] Peak storage usage: 750309973 bytes
[2025-09-19 00:12:16] STORAGE: Final - Current: 341056790 bytes, Peak: 750309973 bytes

=== EXECUTION SUMMARY ===
Script completed at: Fri Sep 19 00:12:16 EDT 2025
Total execution time: 320.515156599s
Peak storage usage: 750309973 bytes
Input file: ./../temp/quicky.mp4
Audio streams processed: 1
Video streams processed: 1
Finalization successful: true
Output directory: ./../temp
Final CSV: ./../temp/quicky_finalized.csv
Final video: ./../temp/quicky_data_overlay.mp4
