=== MEDIA TRACK EXTRACTOR LOG ===
Run: 8
Started: Sun Sep 21 14:35:08 EDT 2025
Input: ./../temp/quicky.mp4
GUI Overlay: false

[2025-09-21 14:35:08] === INITIALIZATION ===
[2025-09-21 14:35:08] FILE INFO: Input file - Size: 175508143 bytes (300.113333s duration)
[2025-09-21 14:35:08] TIMING: Initialization completed in .115811962s
[2025-09-21 14:35:08] === AUDIO TRACK PROCESSING START ===
[2025-09-21 14:35:09] Found 1 audio stream(s)
[2025-09-21 14:35:09] === Processing Audio Stream 0 ===
[2025-09-21 14:35:09] Starting silence detection for stream 0
[2025-09-21 14:35:10] TIMING: Silence detection (stream 0) completed in 1.418904790s
[2025-09-21 14:35:10] Silence analysis: 4 segments, 26% of 300s total
[2025-09-21 14:35:10] Extracting audio stream 0
[2025-09-21 14:35:11] TIMING: Audio extraction (stream 0) completed in 1.342593628s
[2025-09-21 14:35:11] FILE INFO: Extracted audio stream 0 - Size: 57602162 bytes (300.010667s duration)
[2025-09-21 14:35:11] STORAGE: After audio extraction (stream 0) - Current: 267317188 bytes, Peak: 267317188 bytes
[2025-09-21 14:35:11] Starting Demucs processing for stream 0
[2025-09-21 14:35:50] TIMING: Demucs processing (stream 0) completed in 38.645468054s
[2025-09-21 14:35:50] STORAGE: After Demucs (stream 0) - Current: 324917344 bytes, Peak: 324917344 bytes
[2025-09-21 14:35:50] FILE INFO: Demucs output: quicky_audio0_vocals.wav - Size: 28800078 bytes (300.000000s duration)
[2025-09-21 14:35:50] FILE INFO: Demucs output: quicky_audio0_nonvocals.wav - Size: 28800078 bytes (300.000000s duration)
[2025-09-21 14:35:50] Processing quicky_audio0_vocals - creating variants and features
[2025-09-21 14:35:53] TIMING: Audio variants creation (quicky_audio0_vocals) completed in 2.134275448s
[2025-09-21 14:35:53] Starting vocal processing for quicky_audio0_vocals
[2025-09-21 14:35:53] TIMING: Feature extraction (rms) completed in .286481491s
[2025-09-21 14:35:53] TIMING: Feature extraction (zcr) completed in .228424424s
[2025-09-21 14:36:04] TIMING: Feature extraction (pitch) completed in 11.405655564s
[2025-09-21 14:36:06] TIMING: Feature extraction (spectral) completed in 1.251214279s
[2025-09-21 14:36:06] TIMING: Feature extraction (formant) completed in .693262438s
[2025-09-21 14:36:06] TIMING: Feature extraction (jitter) completed in .008751240s
[2025-09-21 14:36:07] TIMING: CSV post-processing (quicky_audio0_vocals) completed in .596279784s
[2025-09-21 14:36:07] Starting emotion processing for quicky_audio0_vocals
[2025-09-21 14:37:09] TIMING: Emotion processing (quicky_audio0_vocals) completed in 61.589834113s
[2025-09-21 14:37:09] Starting transcript processing for quicky_audio0_vocals
[2025-09-21 14:37:37] TIMING: Transcript processing (quicky_audio0_vocals) completed in 28.353852714s
[2025-09-21 14:37:37] TIMING: Complete vocal processing (quicky_audio0_vocals) completed in 104.522770442s
[2025-09-21 14:37:37] TIMING: Complete processing (quicky_audio0_vocals) completed in 106.690451505s
[2025-09-21 14:37:37] STORAGE: After processing quicky_audio0_vocals - Current: 408058436 bytes, Peak: 408058436 bytes
[2025-09-21 14:37:37] Processing quicky_audio0_nonvocals - creating variants and features
[2025-09-21 14:37:39] TIMING: Audio variants creation (quicky_audio0_nonvocals) completed in 1.972179685s
[2025-09-21 14:37:39] Starting nonvocal processing for quicky_audio0_nonvocals
[2025-09-21 14:37:39] TIMING: Feature extraction (rms) completed in .236592738s
[2025-09-21 14:37:40] TIMING: Feature extraction (zcr) completed in .225768219s
[2025-09-21 14:37:41] TIMING: Feature extraction (spectral) completed in 1.445868823s
[2025-09-21 14:37:42] TIMING: Complete nonvocal processing (quicky_audio0_nonvocals) completed in 2.448393519s
[2025-09-21 14:37:42] TIMING: Complete processing (quicky_audio0_nonvocals) completed in 4.454424778s
[2025-09-21 14:37:42] STORAGE: After processing quicky_audio0_nonvocals - Current: 385082134 bytes, Peak: 408058436 bytes
[2025-09-21 14:37:42] TIMING: Complete audio stream 0 processing completed in 153.226495549s
[2025-09-21 14:37:42] TIMING: All audio processing completed in 153.344543328s
[2025-09-21 14:37:42] === CSV MERGING START ===
[2025-09-21 14:37:42] Merging CSVs for quicky_audio0_vocals
[2025-09-21 14:37:43] TIMING: CSV merge (quicky_audio0_vocals) completed in .933023593s
[2025-09-21 14:37:43] FILE INFO: Merged CSV: quicky_audio0_vocals - Size: 12379591 bytes
[2025-09-21 14:37:43] Merging CSVs for quicky_audio0_nonvocals
[2025-09-21 14:37:43] TIMING: CSV merge (quicky_audio0_nonvocals) completed in .366949726s
[2025-09-21 14:37:43] FILE INFO: Merged CSV: quicky_audio0_nonvocals - Size: 5535565 bytes
[2025-09-21 14:37:43] TIMING: All CSV merging completed in 1.354957070s
[2025-09-21 14:37:43] STORAGE: After CSV merging - Current: 227839699 bytes, Peak: 408058436 bytes
[2025-09-21 14:37:43] === VIDEO PROCESSING START ===
[2025-09-21 14:37:43] Found 1 video stream(s)
[2025-09-21 14:37:43] Processing Video Stream 0
[2025-09-21 14:37:49] TIMING: Video encoding (stream 0) completed in 5.180554922s
[2025-09-21 14:37:49] FILE INFO: Encoded video stream 0 - Size: 18316757 bytes (300.133333s duration)
[2025-09-21 14:37:49] Starting DeepGaze processing for video stream 0
[2025-09-21 14:38:51] Processing salience CSV for stream 0
[2025-09-21 14:38:51] TIMING: Salience processing (stream 0) completed in .050875265s
[2025-09-21 14:38:51] FILE INFO: Salience engagement: stream 0 - Size: 831237 bytes
[2025-09-21 14:38:51] TIMING: DeepGaze processing (stream 0) completed in 62.035043644s
[2025-09-21 14:38:51] TIMING: Complete video stream 0 processing completed in 67.339249508s
[2025-09-21 14:38:51] STORAGE: After video processing (stream 0) - Current: 246987693 bytes, Peak: 408058436 bytes
[2025-09-21 14:38:51] TIMING: All video processing completed in 67.528206259s
[2025-09-21 14:38:51] === FINALIZATION START ===
[2025-09-21 14:38:51] Available files for finalization: Vocals=1, Nonvocals=1, Video=1
[2025-09-21 14:38:51] Selected files: vocals=./../temp/quicky_audio0_vocals_merged.csv, nonvocals=./../temp/quicky_audio0_nonvocals_merged.csv, video=./../temp/quicky_video0_salience_engagement.csv
[2025-09-21 14:38:51] Attempting full finalization strategy
[2025-09-21 14:38:55] TIMING: Full finalization completed in 4.273754979s
[2025-09-21 14:38:55] FILE INFO: Finalized output (full) - Size: 37209816 bytes
[2025-09-21 14:38:55] TIMING: Finalization process completed in 4.339774964s
[2025-09-21 14:38:55] Starting clip detection on ./../temp/quicky_finalized.csv
[2025-09-21 14:38:58] ERROR: Clip detection failed
[2025-09-21 14:38:58] Skipping GUI overlay generation (not requested via --gui-overlay flag)
[2025-09-21 14:38:58] === FINAL SUMMARY ===
[2025-09-21 14:38:58] Total runtime: 229.953198640s
[2025-09-21 14:38:58] Peak storage usage: 408058436 bytes
[2025-09-21 14:38:58] STORAGE: Final - Current: 231673869 bytes, Peak: 408058436 bytes

=== EXECUTION SUMMARY ===
Script completed at: Sun Sep 21 14:38:58 EDT 2025
Total execution time: 229.953198640s
Peak storage usage: 408058436 bytes
Input file: ./../temp/quicky.mp4
Audio streams processed: 1
Video streams processed: 1
Finalization successful: true
Clip detection successful: false
GUI overlay enabled: false
Output directory: ./../temp
Final CSV: ./../temp/quicky_finalized.csv
