=== MEDIA TRACK EXTRACTOR LOG ===
Run: 18
Started: Thu Sep 18 17:07:08 EDT 2025
Input: ./../temp/quicky.mp4

[2025-09-18 17:07:08] === INITIALIZATION ===
[2025-09-18 17:07:08] FILE INFO: Input file - Size: 175508143 bytes (300.113333s duration)
[2025-09-18 17:07:08] TIMING: Initialization completed in .416466245s
[2025-09-18 17:07:08] === AUDIO TRACK PROCESSING START ===
[2025-09-18 17:07:08] Found 1 audio stream(s)
[2025-09-18 17:07:08] === Processing Audio Stream 0 ===
[2025-09-18 17:07:08] Starting silence detection for stream 0
[2025-09-18 17:07:10] TIMING: Silence detection (stream 0) completed in 1.877377821s
[2025-09-18 17:07:10] Silence analysis: 3 segments, 26% of 300s total
[2025-09-18 17:07:10] Extracting audio stream 0
[2025-09-18 17:07:12] TIMING: Audio extraction (stream 0) completed in 1.410557138s
[2025-09-18 17:07:12] FILE INFO: Extracted audio stream 0 - Size: 57602162 bytes (300.010667s duration)
[2025-09-18 17:07:12] STORAGE: After audio extraction (stream 0) - Current: 585543532 bytes, Peak: 585543532 bytes
[2025-09-18 17:07:12] Starting Demucs processing for stream 0
[2025-09-18 17:08:04] TIMING: Demucs processing (stream 0) completed in 52.423887431s
[2025-09-18 17:08:04] STORAGE: After Demucs (stream 0) - Current: 585543532 bytes, Peak: 585543532 bytes
[2025-09-18 17:08:04] FILE INFO: Demucs output: quicky_audio0_vocals.wav - Size: 105840114 bytes (300.000000s duration)
[2025-09-18 17:08:04] FILE INFO: Demucs output: quicky_audio0_nonvocals.wav - Size: 52920114 bytes (300.000000s duration)
[2025-09-18 17:08:04] Processing quicky_audio0_vocals - creating variants and features
[2025-09-18 17:08:11] TIMING: Audio variants creation (quicky_audio0_vocals) completed in 6.801556402s
[2025-09-18 17:08:11] Starting vocal processing for quicky_audio0_vocals
[2025-09-18 17:08:12] TIMING: Feature extraction (rms) completed in .489026955s
[2025-09-18 17:08:12] TIMING: Feature extraction (zcr) completed in .426755410s
[2025-09-18 17:09:12] TIMING: Feature extraction (pitch) completed in 60.209711191s
[2025-09-18 17:09:15] TIMING: Feature extraction (spectral) completed in 2.859431982s
[2025-09-18 17:09:17] TIMING: Feature extraction (formant) completed in 1.518659523s
[2025-09-18 17:09:17] TIMING: Feature extraction (jitter) completed in .008817289s
[2025-09-18 17:09:18] TIMING: CSV post-processing (quicky_audio0_vocals) completed in 1.460448315s
[2025-09-18 17:09:18] Starting emotion processing for quicky_audio0_vocals
[2025-09-18 17:10:59] TIMING: Emotion processing (quicky_audio0_vocals) completed in 100.861441497s
[2025-09-18 17:10:59] Starting transcript processing for quicky_audio0_vocals
[2025-09-18 17:11:34] TIMING: Transcript processing (quicky_audio0_vocals) completed in 34.744751514s
[2025-09-18 17:11:34] TIMING: Complete vocal processing (quicky_audio0_vocals) completed in 202.698339182s
[2025-09-18 17:11:34] TIMING: Complete processing (quicky_audio0_vocals) completed in 209.532845579s
[2025-09-18 17:11:34] STORAGE: After processing quicky_audio0_vocals - Current: 750346574 bytes, Peak: 750346574 bytes
[2025-09-18 17:11:34] Processing quicky_audio0_nonvocals - creating variants and features
[2025-09-18 17:11:37] TIMING: Audio variants creation (quicky_audio0_nonvocals) completed in 3.183517913s
[2025-09-18 17:11:37] Starting nonvocal processing for quicky_audio0_nonvocals
[2025-09-18 17:11:38] TIMING: Feature extraction (rms) completed in .278626282s
[2025-09-18 17:11:38] TIMING: Feature extraction (zcr) completed in .233813113s
[2025-09-18 17:11:39] TIMING: Feature extraction (spectral) completed in 1.345754078s
[2025-09-18 17:11:40] TIMING: Complete nonvocal processing (quicky_audio0_nonvocals) completed in 2.418346042s
[2025-09-18 17:11:40] TIMING: Complete processing (quicky_audio0_nonvocals) completed in 5.635007395s
[2025-09-18 17:11:40] STORAGE: After processing quicky_audio0_nonvocals - Current: 574581917 bytes, Peak: 750346574 bytes
[2025-09-18 17:11:40] TIMING: Complete audio stream 0 processing completed in 271.661894455s
[2025-09-18 17:11:40] TIMING: All audio processing completed in 271.788615542s
[2025-09-18 17:11:40] === CSV MERGING START ===
[2025-09-18 17:11:40] Merging CSVs for quicky_audio0_vocals
[2025-09-18 17:11:43] TIMING: CSV merge (quicky_audio0_vocals) completed in 2.582613187s
[2025-09-18 17:11:43] Merging CSVs for quicky_audio0_nonvocals
[2025-09-18 17:11:43] TIMING: CSV merge (quicky_audio0_nonvocals) completed in .701723102s
[2025-09-18 17:11:43] TIMING: All CSV merging completed in 3.312227961s
[2025-09-18 17:11:43] STORAGE: After CSV merging - Current: 341269789 bytes, Peak: 750346574 bytes
[2025-09-18 17:11:43] === VIDEO PROCESSING START ===
[2025-09-18 17:11:43] Found 1 video stream(s)
[2025-09-18 17:11:43] Processing Video Stream 0
[2025-09-18 17:11:49] TIMING: Video encoding (stream 0) completed in 5.092095410s
[2025-09-18 17:11:49] FILE INFO: Encoded video stream 0 - Size: 18316757 bytes (300.133333s duration)
[2025-09-18 17:11:49] Starting DeepGaze processing for video stream 0
[2025-09-18 17:12:51] Processing salience CSV for stream 0
[2025-09-18 17:12:51] TIMING: Salience processing (stream 0) completed in .064343990s
[2025-09-18 17:12:51] FILE INFO: Salience engagement: stream 0 - Size: 831237 bytes
[2025-09-18 17:12:51] TIMING: DeepGaze processing (stream 0) completed in 62.677084319s
[2025-09-18 17:12:51] TIMING: Complete video stream 0 processing completed in 67.891279893s
[2025-09-18 17:12:51] STORAGE: After video processing (stream 0) - Current: 359586546 bytes, Peak: 750346574 bytes
[2025-09-18 17:12:51] TIMING: All video processing completed in 68.054727703s
[2025-09-18 17:12:51] === FINALIZATION START ===
[2025-09-18 17:12:51] Available files for finalization: Vocals=0, Nonvocals=0, Video=1
[2025-09-18 17:12:51] Selected files: vocals=./../temp/quicky_video0_salience_engagement.csv, nonvocals=NONE, video=NONE
[2025-09-18 17:12:51] Attempting vocals-only finalization strategy
[2025-09-18 17:12:51] TIMING: Vocals-only finalization completed in .024428351s
[2025-09-18 17:12:52] FILE INFO: Finalized output (vocals-only) - Size: 7908037 bytes
[2025-09-18 17:12:52] TIMING: Finalization process completed in .080297929s
[2025-09-18 17:12:52] Starting GUI overlay generation
[2025-09-18 17:12:52] Input: ./../temp/quicky.mp4, Data: ./../temp/quicky_finalized.csv, Output: ./../temp/quicky_data_overlay.mp4
[2025-09-18 17:13:56] TIMING: GUI overlay generation completed in 64.200445302s
[2025-09-18 17:13:56] FILE INFO: Final overlay video - Size: 157022372 bytes (300.033333s duration)
[2025-09-18 17:13:56] === FINAL SUMMARY ===
[2025-09-18 17:13:56] Total runtime: 408.125828338s
[2025-09-18 17:13:56] Peak storage usage: 750346574 bytes
[2025-09-18 17:13:56] STORAGE: Final - Current: 341269789 bytes, Peak: 750346574 bytes

=== EXECUTION SUMMARY ===
Script completed at: Thu Sep 18 17:13:56 EDT 2025
Total execution time: 408.125828338s
Peak storage usage: 750346574 bytes
Input file: ./../temp/quicky.mp4
Audio streams processed: 1
Video streams processed: 1
Finalization successful: true
Output directory: ./../temp
Final CSV: ./../temp/quicky_finalized.csv
Final video: ./../temp/quicky_data_overlay.mp4
